12:43:19 **** Build of project demo_bsp ****
make -k all 
"Running Make include in ps7_cortexa9_0/libsrc/axivdma_v6_3/src"
make -C ps7_cortexa9_0/libsrc/axivdma_v6_3/src -s include  "SHELL=CMD" "COMPILER=arm-none-eabi-gcc" "ARCHIVER=arm-none-eabi-ar" "COMPILER_FLAGS=  -O2 -c" "EXTRA_COMPILER_FLAGS=-mcpu=cortex-a9 -mfpu=vfpv3 -mfloat-abi=hard -nostartfiles -Wall -Wextra"
"Running Make include in ps7_cortexa9_0/libsrc/coresightps_dcc_v1_4/src"
make -C ps7_cortexa9_0/libsrc/coresightps_dcc_v1_4/src -s include  "SHELL=CMD" "COMPILER=arm-none-eabi-gcc" "ARCHIVER=arm-none-eabi-ar" "COMPILER_FLAGS=  -O2 -c" "EXTRA_COMPILER_FLAGS=-mcpu=cortex-a9 -mfpu=vfpv3 -mfloat-abi=hard -nostartfiles -Wall -Wextra"
"Running Make include in ps7_cortexa9_0/libsrc/cpu_cortexa9_v2_4/src"
make -C ps7_cortexa9_0/libsrc/cpu_cortexa9_v2_4/src -s include  "SHELL=CMD" "COMPILER=arm-none-eabi-gcc" "ARCHIVER=arm-none-eabi-ar" "COMPILER_FLAGS=  -O2 -c" "EXTRA_COMPILER_FLAGS=-mcpu=cortex-a9 -mfpu=vfpv3 -mfloat-abi=hard -nostartfiles -Wall -Wextra"
"Running Make include in ps7_cortexa9_0/libsrc/ddrps_v1_0/src"
make -C ps7_cortexa9_0/libsrc/ddrps_v1_0/src -s include  "SHELL=CMD" "COMPILER=arm-none-eabi-gcc" "ARCHIVER=arm-none-eabi-ar" "COMPILER_FLAGS=  -O2 -c" "EXTRA_COMPILER_FLAGS=-mcpu=cortex-a9 -mfpu=vfpv3 -mfloat-abi=hard -nostartfiles -Wall -Wextra"
"Running Make include in ps7_cortexa9_0/libsrc/devcfg_v3_4/src"
make -C ps7_cortexa9_0/libsrc/devcfg_v3_4/src -s include  "SHELL=CMD" "COMPILER=arm-none-eabi-gcc" "ARCHIVER=arm-none-eabi-ar" "COMPILER_FLAGS=  -O2 -c" "EXTRA_COMPILER_FLAGS=-mcpu=cortex-a9 -mfpu=vfpv3 -mfloat-abi=hard -nostartfiles -Wall -Wextra"
"Running Make include in ps7_cortexa9_0/libsrc/dmaps_v2_3/src"
make -C ps7_cortexa9_0/libsrc/dmaps_v2_3/src -s include  "SHELL=CMD" "COMPILER=arm-none-eabi-gcc" "ARCHIVER=arm-none-eabi-ar" "COMPILER_FLAGS=  -O2 -c" "EXTRA_COMPILER_FLAGS=-mcpu=cortex-a9 -mfpu=vfpv3 -mfloat-abi=hard -nostartfiles -Wall -Wextra"
"Running Make include in ps7_cortexa9_0/libsrc/gpio_v4_3/src"
make -C ps7_cortexa9_0/libsrc/gpio_v4_3/src -s include  "SHELL=CMD" "COMPILER=arm-none-eabi-gcc" "ARCHIVER=arm-none-eabi-ar" "COMPILER_FLAGS=  -O2 -c" "EXTRA_COMPILER_FLAGS=-mcpu=cortex-a9 -mfpu=vfpv3 -mfloat-abi=hard -nostartfiles -Wall -Wextra"
"Running Make include in ps7_cortexa9_0/libsrc/gpiops_v3_3/src"
make -C ps7_cortexa9_0/libsrc/gpiops_v3_3/src -s include  "SHELL=CMD" "COMPILER=arm-none-eabi-gcc" "ARCHIVER=arm-none-eabi-ar" "COMPILER_FLAGS=  -O2 -c" "EXTRA_COMPILER_FLAGS=-mcpu=cortex-a9 -mfpu=vfpv3 -mfloat-abi=hard -nostartfiles -Wall -Wextra"
"Running Make include in ps7_cortexa9_0/libsrc/scugic_v3_7/src"
make -C ps7_cortexa9_0/libsrc/scugic_v3_7/src -s include  "SHELL=CMD" "COMPILER=arm-none-eabi-gcc" "ARCHIVER=arm-none-eabi-ar" "COMPILER_FLAGS=  -O2 -c" "EXTRA_COMPILER_FLAGS=-mcpu=cortex-a9 -mfpu=vfpv3 -mfloat-abi=hard -nostartfiles -Wall -Wextra"
"Running Make include in ps7_cortexa9_0/libsrc/scutimer_v2_1/src"
make -C ps7_cortexa9_0/libsrc/scutimer_v2_1/src -s include  "SHELL=CMD" "COMPILER=arm-none-eabi-gcc" "ARCHIVER=arm-none-eabi-ar" "COMPILER_FLAGS=  -O2 -c" "EXTRA_COMPILER_FLAGS=-mcpu=cortex-a9 -mfpu=vfpv3 -mfloat-abi=hard -nostartfiles -Wall -Wextra"
"Running Make include in ps7_cortexa9_0/libsrc/scuwdt_v2_1/src"
make -C ps7_cortexa9_0/libsrc/scuwdt_v2_1/src -s include  "SHELL=CMD" "COMPILER=arm-none-eabi-gcc" "ARCHIVER=arm-none-eabi-ar" "COMPILER_FLAGS=  -O2 -c" "EXTRA_COMPILER_FLAGS=-mcpu=cortex-a9 -mfpu=vfpv3 -mfloat-abi=hard -nostartfiles -Wall -Wextra"
"Running Make include in ps7_cortexa9_0/libsrc/standalone_v6_3/src"
make -C ps7_cortexa9_0/libsrc/standalone_v6_3/src -s include  "SHELL=CMD" "COMPILER=arm-none-eabi-gcc" "ARCHIVER=arm-none-eabi-ar" "COMPILER_FLAGS=  -O2 -c" "EXTRA_COMPILER_FLAGS=-mcpu=cortex-a9 -mfpu=vfpv3 -mfloat-abi=hard -nostartfiles -Wall -Wextra"
"Running Make include in ps7_cortexa9_0/libsrc/uartps_v3_4/src"
make -C ps7_cortexa9_0/libsrc/uartps_v3_4/src -s include  "SHELL=CMD" "COMPILER=arm-none-eabi-gcc" "ARCHIVER=arm-none-eabi-ar" "COMPILER_FLAGS=  -O2 -c" "EXTRA_COMPILER_FLAGS=-mcpu=cortex-a9 -mfpu=vfpv3 -mfloat-abi=hard -nostartfiles -Wall -Wextra"
"Running Make include in ps7_cortexa9_0/libsrc/xadcps_v2_2/src"
make -C ps7_cortexa9_0/libsrc/xadcps_v2_2/src -s include  "SHELL=CMD" "COMPILER=arm-none-eabi-gcc" "ARCHIVER=arm-none-eabi-ar" "COMPILER_FLAGS=  -O2 -c" "EXTRA_COMPILER_FLAGS=-mcpu=cortex-a9 -mfpu=vfpv3 -mfloat-abi=hard -nostartfiles -Wall -Wextra"
"Running Make libs in ps7_cortexa9_0/libsrc/axivdma_v6_3/src"
make -C ps7_cortexa9_0/libsrc/axivdma_v6_3/src -s libs  "SHELL=CMD" "COMPILER=arm-none-eabi-gcc" "ARCHIVER=arm-none-eabi-ar" "COMPILER_FLAGS=  -O2 -c" "EXTRA_COMPILER_FLAGS=-mcpu=cortex-a9 -mfpu=vfpv3 -mfloat-abi=hard -nostartfiles -Wall -Wextra"
"Compiling axivdma"
arm-none-eabi-ar: creating ../../../lib/libxil.a
"Running Make libs in ps7_cortexa9_0/libsrc/coresightps_dcc_v1_4/src"
make -C ps7_cortexa9_0/libsrc/coresightps_dcc_v1_4/src -s libs  "SHELL=CMD" "COMPILER=arm-none-eabi-gcc" "ARCHIVER=arm-none-eabi-ar" "COMPILER_FLAGS=  -O2 -c" "EXTRA_COMPILER_FLAGS=-mcpu=cortex-a9 -mfpu=vfpv3 -mfloat-abi=hard -nostartfiles -Wall -Wextra"
"Compiling coresightps_dcc"
"Running Make libs in ps7_cortexa9_0/libsrc/cpu_cortexa9_v2_4/src"
make -C ps7_cortexa9_0/libsrc/cpu_cortexa9_v2_4/src -s libs  "SHELL=CMD" "COMPILER=arm-none-eabi-gcc" "ARCHIVER=arm-none-eabi-ar" "COMPILER_FLAGS=  -O2 -c" "EXTRA_COMPILER_FLAGS=-mcpu=cortex-a9 -mfpu=vfpv3 -mfloat-abi=hard -nostartfiles -Wall -Wextra"
"Compiling cpu_cortexa9"
"Running Make libs in ps7_cortexa9_0/libsrc/ddrps_v1_0/src"
make -C ps7_cortexa9_0/libsrc/ddrps_v1_0/src -s libs  "SHELL=CMD" "COMPILER=arm-none-eabi-gcc" "ARCHIVER=arm-none-eabi-ar" "COMPILER_FLAGS=  -O2 -c" "EXTRA_COMPILER_FLAGS=-mcpu=cortex-a9 -mfpu=vfpv3 -mfloat-abi=hard -nostartfiles -Wall -Wextra"
"Compiling ddrps"
"Running Make libs in ps7_cortexa9_0/libsrc/devcfg_v3_4/src"
make -C ps7_cortexa9_0/libsrc/devcfg_v3_4/src -s libs  "SHELL=CMD" "COMPILER=arm-none-eabi-gcc" "ARCHIVER=arm-none-eabi-ar" "COMPILER_FLAGS=  -O2 -c" "EXTRA_COMPILER_FLAGS=-mcpu=cortex-a9 -mfpu=vfpv3 -mfloat-abi=hard -nostartfiles -Wall -Wextra"
"Compiling devcfg"
"Running Make libs in ps7_cortexa9_0/libsrc/dmaps_v2_3/src"
make -C ps7_cortexa9_0/libsrc/dmaps_v2_3/src -s libs  "SHELL=CMD" "COMPILER=arm-none-eabi-gcc" "ARCHIVER=arm-none-eabi-ar" "COMPILER_FLAGS=  -O2 -c" "EXTRA_COMPILER_FLAGS=-mcpu=cortex-a9 -mfpu=vfpv3 -mfloat-abi=hard -nostartfiles -Wall -Wextra"
"Compiling dmaps"
"Running Make libs in ps7_cortexa9_0/libsrc/gpio_v4_3/src"
make -C ps7_cortexa9_0/libsrc/gpio_v4_3/src -s libs  "SHELL=CMD" "COMPILER=arm-none-eabi-gcc" "ARCHIVER=arm-none-eabi-ar" "COMPILER_FLAGS=  -O2 -c" "EXTRA_COMPILER_FLAGS=-mcpu=cortex-a9 -mfpu=vfpv3 -mfloat-abi=hard -nostartfiles -Wall -Wextra"
"Compiling gpio"
"Running Make libs in ps7_cortexa9_0/libsrc/gpiops_v3_3/src"
make -C ps7_cortexa9_0/libsrc/gpiops_v3_3/src -s libs  "SHELL=CMD" "COMPILER=arm-none-eabi-gcc" "ARCHIVER=arm-none-eabi-ar" "COMPILER_FLAGS=  -O2 -c" "EXTRA_COMPILER_FLAGS=-mcpu=cortex-a9 -mfpu=vfpv3 -mfloat-abi=hard -nostartfiles -Wall -Wextra"
"Compiling gpiops"
"Running Make libs in ps7_cortexa9_0/libsrc/scugic_v3_7/src"
make -C ps7_cortexa9_0/libsrc/scugic_v3_7/src -s libs  "SHELL=CMD" "COMPILER=arm-none-eabi-gcc" "ARCHIVER=arm-none-eabi-ar" "COMPILER_FLAGS=  -O2 -c" "EXTRA_COMPILER_FLAGS=-mcpu=cortex-a9 -mfpu=vfpv3 -mfloat-abi=hard -nostartfiles -Wall -Wextra"
"Compiling scugic"
xscugic_g.c:53:2: warning: missing initializer for field 'HandlerTable' of 'XScuGic_Config {aka struct <anonymous>}' [-Wmissing-field-initializers]
  }
  ^
In file included from xscugic_g.c:41:0:
xscugic.h:218:27: note: 'HandlerTable' declared here
  XScuGic_VectorTableEntry HandlerTable[XSCUGIC_MAX_NUM_INTR_INPUTS];/**<
                           ^~~~~~~~~~~~
"Running Make libs in ps7_cortexa9_0/libsrc/scutimer_v2_1/src"
make -C ps7_cortexa9_0/libsrc/scutimer_v2_1/src -s libs  "SHELL=CMD" "COMPILER=arm-none-eabi-gcc" "ARCHIVER=arm-none-eabi-ar" "COMPILER_FLAGS=  -O2 -c" "EXTRA_COMPILER_FLAGS=-mcpu=cortex-a9 -mfpu=vfpv3 -mfloat-abi=hard -nostartfiles -Wall -Wextra"
"Compiling scutimer"
"Running Make libs in ps7_cortexa9_0/libsrc/scuwdt_v2_1/src"
make -C ps7_cortexa9_0/libsrc/scuwdt_v2_1/src -s libs  "SHELL=CMD" "COMPILER=arm-none-eabi-gcc" "ARCHIVER=arm-none-eabi-ar" "COMPILER_FLAGS=  -O2 -c" "EXTRA_COMPILER_FLAGS=-mcpu=cortex-a9 -mfpu=vfpv3 -mfloat-abi=hard -nostartfiles -Wall -Wextra"
"Compiling scuwdt"
"Running Make libs in ps7_cortexa9_0/libsrc/standalone_v6_3/src"
make -C ps7_cortexa9_0/libsrc/standalone_v6_3/src -s libs  "SHELL=CMD" "COMPILER=arm-none-eabi-gcc" "ARCHIVER=arm-none-eabi-ar" "COMPILER_FLAGS=  -O2 -c" "EXTRA_COMPILER_FLAGS=-mcpu=cortex-a9 -mfpu=vfpv3 -mfloat-abi=hard -nostartfiles -Wall -Wextra"
"Compiling standalone"
"Running Make libs in ps7_cortexa9_0/libsrc/uartps_v3_4/src"
make -C ps7_cortexa9_0/libsrc/uartps_v3_4/src -s libs  "SHELL=CMD" "COMPILER=arm-none-eabi-gcc" "ARCHIVER=arm-none-eabi-ar" "COMPILER_FLAGS=  -O2 -c" "EXTRA_COMPILER_FLAGS=-mcpu=cortex-a9 -mfpu=vfpv3 -mfloat-abi=hard -nostartfiles -Wall -Wextra"
"Compiling uartps"
"Running Make libs in ps7_cortexa9_0/libsrc/xadcps_v2_2/src"
make -C ps7_cortexa9_0/libsrc/xadcps_v2_2/src -s libs  "SHELL=CMD" "COMPILER=arm-none-eabi-gcc" "ARCHIVER=arm-none-eabi-ar" "COMPILER_FLAGS=  -O2 -c" "EXTRA_COMPILER_FLAGS=-mcpu=cortex-a9 -mfpu=vfpv3 -mfloat-abi=hard -nostartfiles -Wall -Wextra"
"Compiling xadcps"
'Finished building libraries'
12:43:33 **** Build of configuration Debug for project demo ****
make pre-build main-build 
a9-linaro-pre-build-step
' '
'Building file: ../src/helloworld.c'
'Invoking: ARM v7 gcc compiler'
arm-none-eabi-gcc -Wall -O0 -g3 -c -fmessage-length=0 -MT"src/helloworld.o" -mcpu=cortex-a9 -mfpu=vfpv3 -mfloat-abi=hard -I../../demo_bsp/ps7_cortexa9_0/include -MMD -MP -MF"src/helloworld.d" -MT"src/helloworld.o" -o "src/helloworld.o" "../src/helloworld.c"
'Finished building: ../src/helloworld.c'
' '
'Building file: ../src/platform.c'
'Invoking: ARM v7 gcc compiler'
arm-none-eabi-gcc -Wall -O0 -g3 -c -fmessage-length=0 -MT"src/platform.o" -mcpu=cortex-a9 -mfpu=vfpv3 -mfloat-abi=hard -I../../demo_bsp/ps7_cortexa9_0/include -MMD -MP -MF"src/platform.d" -MT"src/platform.o" -o "src/platform.o" "../src/platform.c"
'Finished building: ../src/platform.c'
' '
'Building target: demo.elf'
'Invoking: ARM v7 gcc linker'
arm-none-eabi-gcc -mcpu=cortex-a9 -mfpu=vfpv3 -mfloat-abi=hard -Wl,-build-id=none -specs=Xilinx.spec -Wl,-T -Wl,../src/lscript.ld -L../../demo_bsp/ps7_cortexa9_0/lib -o "demo.elf"  ./src/helloworld.o ./src/platform.o   -Wl,--start-group,-lxil,-lgcc,-lc,--end-group
'Finished building target: demo.elf'
' '
'Invoking: ARM v7 Print Size'
arm-none-eabi-size demo.elf  |tee "demo.elf.size"
   text	   data	    bss	    dec	    hex	filename
  19384	   1148	  22568	  43100	   a85c	demo.elf
'Finished building: demo.elf.size'
' '
12:53:49 **** Clean-only build of configuration Debug for project demo ****
make clean 
rm -rf  ./src/helloworld.o ./src/platform.o  ./src/helloworld.d ./src/platform.d  demo.elf.size  demo.elf
' '
12:53:49 **** Auto Build of configuration Debug for project demo ****
make pre-build main-build 
a9-linaro-pre-build-step
' '
'Building file: ../src/helloworld.c'
'Invoking: ARM v7 gcc compiler'
arm-none-eabi-gcc -Wall -O0 -g3 -c -fmessage-length=0 -MT"src/helloworld.o" -mcpu=cortex-a9 -mfpu=vfpv3 -mfloat-abi=hard -I../../demo_bsp/ps7_cortexa9_0/include -MMD -MP -MF"src/helloworld.d" -MT"src/helloworld.o" -o "src/helloworld.o" "../src/helloworld.c"
'Finished building: ../src/helloworld.c'
' '
'Building file: ../src/platform.c'
'Invoking: ARM v7 gcc compiler'
arm-none-eabi-gcc -Wall -O0 -g3 -c -fmessage-length=0 -MT"src/platform.o" -mcpu=cortex-a9 -mfpu=vfpv3 -mfloat-abi=hard -I../../demo_bsp/ps7_cortexa9_0/include -MMD -MP -MF"src/platform.d" -MT"src/platform.o" -o "src/platform.o" "../src/platform.c"
'Finished building: ../src/platform.c'
' '
'Building target: demo.elf'
'Invoking: ARM v7 gcc linker'
arm-none-eabi-gcc -mcpu=cortex-a9 -mfpu=vfpv3 -mfloat-abi=hard -Wl,-build-id=none -specs=Xilinx.spec -Wl,-T -Wl,../src/lscript.ld -L../../demo_bsp/ps7_cortexa9_0/lib -o "demo.elf"  ./src/helloworld.o ./src/platform.o   -Wl,--start-group,-lxil,-lgcc,-lc,--end-group
'Finished building target: demo.elf'
' '
'Invoking: ARM v7 Print Size'
arm-none-eabi-size demo.elf  |tee "demo.elf.size"
   text	   data	    bss	    dec	    hex	filename
  19384	   1148	  22568	  43100	   a85c	demo.elf
'Finished building: demo.elf.size'
' '
09:10:58 **** Incremental Build of configuration Debug for project demo ****
make pre-build main-build 
a9-linaro-pre-build-step
' '
make: Nothing to be done for `main-build'.
09:11:16 **** Incremental Build of configuration Debug for project demo ****
make pre-build main-build 
a9-linaro-pre-build-step
' '
make: Nothing to be done for `main-build'.
09:13:09 **** Auto Build of configuration Debug for project demo ****
make pre-build main-build 
a9-linaro-pre-build-step
' '
'Building file: ../src/AxiVDMA.c'
'Invoking: ARM v7 gcc compiler'
arm-none-eabi-gcc -Wall -O0 -g3 -c -fmessage-length=0 -MT"src/AxiVDMA.o" -mcpu=cortex-a9 -mfpu=vfpv3 -mfloat-abi=hard -I../../demo_bsp/ps7_cortexa9_0/include -MMD -MP -MF"src/AxiVDMA.d" -MT"src/AxiVDMA.o" -o "src/AxiVDMA.o" "../src/AxiVDMA.c"
In file included from ../src/AxiVDMA.c:8:0:
../src/AxiVDMA.h:13:29: warning: initialization makes pointer from integer without a cast [-Wint-conversion]
 #define DDR_BASEADDR        0x00000000
                             ^
../src/AxiVDMA.h:18:25: note: in expansion of macro 'DDR_BASEADDR'
 #define VIDEO_BASEADDR0 DDR_BASEADDR + 0x2000000
                         ^~~~~~~~~~~~
../src/AxiVDMA.c:12:23: note: in expansion of macro 'VIDEO_BASEADDR0'
 u32* frambuffer[3] = {VIDEO_BASEADDR0,VIDEO_BASEADDR1,VIDEO_BASEADDR2};
                       ^~~~~~~~~~~~~~~
../src/AxiVDMA.h:13:29: note: (near initialization for 'frambuffer[0]')
 #define DDR_BASEADDR        0x00000000
                             ^
../src/AxiVDMA.h:18:25: note: in expansion of macro 'DDR_BASEADDR'
 #define VIDEO_BASEADDR0 DDR_BASEADDR + 0x2000000
                         ^~~~~~~~~~~~
../src/AxiVDMA.c:12:23: note: in expansion of macro 'VIDEO_BASEADDR0'
 u32* frambuffer[3] = {VIDEO_BASEADDR0,VIDEO_BASEADDR1,VIDEO_BASEADDR2};
                       ^~~~~~~~~~~~~~~
../src/AxiVDMA.h:13:29: warning: initialization makes pointer from integer without a cast [-Wint-conversion]
 #define DDR_BASEADDR        0x00000000
                             ^
../src/AxiVDMA.h:19:25: note: in expansion of macro 'DDR_BASEADDR'
 #define VIDEO_BASEADDR1 DDR_BASEADDR + 0x3000000
                         ^~~~~~~~~~~~
../src/AxiVDMA.c:12:39: note: in expansion of macro 'VIDEO_BASEADDR1'
 u32* frambuffer[3] = {VIDEO_BASEADDR0,VIDEO_BASEADDR1,VIDEO_BASEADDR2};
                                       ^~~~~~~~~~~~~~~
../src/AxiVDMA.h:13:29: note: (near initialization for 'frambuffer[1]')
 #define DDR_BASEADDR        0x00000000
                             ^
../src/AxiVDMA.h:19:25: note: in expansion of macro 'DDR_BASEADDR'
 #define VIDEO_BASEADDR1 DDR_BASEADDR + 0x3000000
                         ^~~~~~~~~~~~
../src/AxiVDMA.c:12:39: note: in expansion of macro 'VIDEO_BASEADDR1'
 u32* frambuffer[3] = {VIDEO_BASEADDR0,VIDEO_BASEADDR1,VIDEO_BASEADDR2};
                                       ^~~~~~~~~~~~~~~
../src/AxiVDMA.h:13:29: warning: initialization makes pointer from integer without a cast [-Wint-conversion]
 #define DDR_BASEADDR        0x00000000
                             ^
../src/AxiVDMA.h:20:25: note: in expansion of macro 'DDR_BASEADDR'
 #define VIDEO_BASEADDR2 DDR_BASEADDR + 0x4000000
                         ^~~~~~~~~~~~
../src/AxiVDMA.c:12:55: note: in expansion of macro 'VIDEO_BASEADDR2'
 u32* frambuffer[3] = {VIDEO_BASEADDR0,VIDEO_BASEADDR1,VIDEO_BASEADDR2};
                                                       ^~~~~~~~~~~~~~~
../src/AxiVDMA.h:13:29: note: (near initialization for 'frambuffer[2]')
 #define DDR_BASEADDR        0x00000000
                             ^
../src/AxiVDMA.h:20:25: note: in expansion of macro 'DDR_BASEADDR'
 #define VIDEO_BASEADDR2 DDR_BASEADDR + 0x4000000
                         ^~~~~~~~~~~~
../src/AxiVDMA.c:12:55: note: in expansion of macro 'VIDEO_BASEADDR2'
 u32* frambuffer[3] = {VIDEO_BASEADDR0,VIDEO_BASEADDR1,VIDEO_BASEADDR2};
                                                       ^~~~~~~~~~~~~~~
../src/AxiVDMA.c: In function 'GetVal':
../src/AxiVDMA.c:59:2: warning: implicit declaration of function 'printf' [-Wimplicit-function-declaration]
  printf("0x%x:\t",addr);
  ^~~~~~
../src/AxiVDMA.c:59:2: warning: incompatible implicit declaration of built-in function 'printf'
../src/AxiVDMA.c:59:2: note: include '<stdio.h>' or provide a declaration of 'printf'
../src/AxiVDMA.c:59:13: warning: format '%x' expects argument of type 'unsigned int', but argument 2 has type 'u32 {aka long unsigned int}' [-Wformat=]
  printf("0x%x:\t",addr);
             ^
../src/AxiVDMA.c: In function 'print_framcount':
../src/AxiVDMA.c:72:2: warning: incompatible implicit declaration of built-in function 'printf'
  printf("buffer1£º%d\t",temp&0xff);
  ^~~~~~
../src/AxiVDMA.c:72:2: note: include '<stdio.h>' or provide a declaration of 'printf'
../src/AxiVDMA.c:72:20: warning: format '%d' expects argument of type 'int', but argument 2 has type 'long unsigned int' [-Wformat=]
  printf("buffer1£º%d\t",temp&0xff);
                    ^
../src/AxiVDMA.c:74:20: warning: format '%d' expects argument of type 'int', but argument 2 has type 'long unsigned int' [-Wformat=]
  printf("buffer2£º%d\t",temp&0xff);
                    ^
../src/AxiVDMA.c:76:20: warning: format '%d' expects argument of type 'int', but argument 2 has type 'long unsigned int' [-Wformat=]
  printf("buffer3£º%d\n",temp&0xff);
                    ^
../src/AxiVDMA.c:78:2: warning: implicit declaration of function 'Xil_DCacheFlush' [-Wimplicit-function-declaration]
  Xil_DCacheFlush();
  ^~~~~~~~~~~~~~~
'Finished building: ../src/AxiVDMA.c'
' '
'Building file: ../src/Gic.c'
'Invoking: ARM v7 gcc compiler'
arm-none-eabi-gcc -Wall -O0 -g3 -c -fmessage-length=0 -MT"src/Gic.o" -mcpu=cortex-a9 -mfpu=vfpv3 -mfloat-abi=hard -I../../demo_bsp/ps7_cortexa9_0/include -MMD -MP -MF"src/Gic.d" -MT"src/Gic.o" -o "src/Gic.o" "../src/Gic.c"
'Finished building: ../src/Gic.c'
' '
'Building file: ../src/Gpiops.c'
'Invoking: ARM v7 gcc compiler'
arm-none-eabi-gcc -Wall -O0 -g3 -c -fmessage-length=0 -MT"src/Gpiops.o" -mcpu=cortex-a9 -mfpu=vfpv3 -mfloat-abi=hard -I../../demo_bsp/ps7_cortexa9_0/include -MMD -MP -MF"src/Gpiops.d" -MT"src/Gpiops.o" -o "src/Gpiops.o" "../src/Gpiops.c"
'Finished building: ../src/Gpiops.c'
' '
'Building file: ../src/OvSensor.c'
'Invoking: ARM v7 gcc compiler'
arm-none-eabi-gcc -Wall -O0 -g3 -c -fmessage-length=0 -MT"src/OvSensor.o" -mcpu=cortex-a9 -mfpu=vfpv3 -mfloat-abi=hard -I../../demo_bsp/ps7_cortexa9_0/include -MMD -MP -MF"src/OvSensor.d" -MT"src/OvSensor.o" -o "src/OvSensor.o" "../src/OvSensor.c"
'Finished building: ../src/OvSensor.c'
' '
'Building file: ../src/Timer.c'
'Invoking: ARM v7 gcc compiler'
arm-none-eabi-gcc -Wall -O0 -g3 -c -fmessage-length=0 -MT"src/Timer.o" -mcpu=cortex-a9 -mfpu=vfpv3 -mfloat-abi=hard -I../../demo_bsp/ps7_cortexa9_0/include -MMD -MP -MF"src/Timer.d" -MT"src/Timer.o" -o "src/Timer.o" "../src/Timer.c"
'Finished building: ../src/Timer.c'
' '
'Building file: ../src/main.c'
'Invoking: ARM v7 gcc compiler'
arm-none-eabi-gcc -Wall -O0 -g3 -c -fmessage-length=0 -MT"src/main.o" -mcpu=cortex-a9 -mfpu=vfpv3 -mfloat-abi=hard -I../../demo_bsp/ps7_cortexa9_0/include -MMD -MP -MF"src/main.d" -MT"src/main.o" -o "src/main.o" "../src/main.c"
'Finished building: ../src/main.c'
' '
'Building target: demo.elf'
'Invoking: ARM v7 gcc linker'
arm-none-eabi-gcc -mcpu=cortex-a9 -mfpu=vfpv3 -mfloat-abi=hard -Wl,-build-id=none -specs=Xilinx.spec -Wl,-T -Wl,../src/lscript.ld -L../../demo_bsp/ps7_cortexa9_0/lib -o "demo.elf"  ./src/AxiVDMA.o ./src/Gic.o ./src/Gpiops.o ./src/OvSensor.o ./src/Timer.o ./src/helloworld.o ./src/main.o ./src/platform.o   -Wl,--start-group,-lxil,-lgcc,-lc,--end-group
./src/main.o: In function `main':
D:\Project\Vivado\ZYBO_Video\ZYBO_Video.sdk\demo\Debug/../src/main.c:8: multiple definition of `main'
./src/helloworld.o:D:\Project\Vivado\ZYBO_Video\ZYBO_Video.sdk\demo\Debug/../src/helloworld.c:54: first defined here
collect2.exe: error: ld returned 1 exit status
make: *** [demo.elf] ´íÎó 1
09:13:15 **** Clean-only build of configuration Debug for project demo ****
make clean 
rm -rf  ./src/AxiVDMA.o ./src/Gic.o ./src/Gpiops.o ./src/OvSensor.o ./src/Timer.o ./src/helloworld.o ./src/main.o ./src/platform.o  ./src/AxiVDMA.d ./src/Gic.d ./src/Gpiops.d ./src/OvSensor.d ./src/Timer.d ./src/helloworld.d ./src/main.d ./src/platform.d  demo.elf.size  demo.elf
' '
09:13:15 **** Auto Build of configuration Debug for project demo ****
make pre-build main-build 
a9-linaro-pre-build-step
' '
'Building file: ../src/AxiVDMA.c'
'Invoking: ARM v7 gcc compiler'
arm-none-eabi-gcc -Wall -O0 -g3 -c -fmessage-length=0 -MT"src/AxiVDMA.o" -mcpu=cortex-a9 -mfpu=vfpv3 -mfloat-abi=hard -I../../demo_bsp/ps7_cortexa9_0/include -MMD -MP -MF"src/AxiVDMA.d" -MT"src/AxiVDMA.o" -o "src/AxiVDMA.o" "../src/AxiVDMA.c"
In file included from ../src/AxiVDMA.c:8:0:
../src/AxiVDMA.h:13:29: warning: initialization makes pointer from integer without a cast [-Wint-conversion]
 #define DDR_BASEADDR        0x00000000
                             ^
../src/AxiVDMA.h:18:25: note: in expansion of macro 'DDR_BASEADDR'
 #define VIDEO_BASEADDR0 DDR_BASEADDR + 0x2000000
                         ^~~~~~~~~~~~
../src/AxiVDMA.c:12:23: note: in expansion of macro 'VIDEO_BASEADDR0'
 u32* frambuffer[3] = {VIDEO_BASEADDR0,VIDEO_BASEADDR1,VIDEO_BASEADDR2};
                       ^~~~~~~~~~~~~~~
../src/AxiVDMA.h:13:29: note: (near initialization for 'frambuffer[0]')
 #define DDR_BASEADDR        0x00000000
                             ^
../src/AxiVDMA.h:18:25: note: in expansion of macro 'DDR_BASEADDR'
 #define VIDEO_BASEADDR0 DDR_BASEADDR + 0x2000000
                         ^~~~~~~~~~~~
../src/AxiVDMA.c:12:23: note: in expansion of macro 'VIDEO_BASEADDR0'
 u32* frambuffer[3] = {VIDEO_BASEADDR0,VIDEO_BASEADDR1,VIDEO_BASEADDR2};
                       ^~~~~~~~~~~~~~~
../src/AxiVDMA.h:13:29: warning: initialization makes pointer from integer without a cast [-Wint-conversion]
 #define DDR_BASEADDR        0x00000000
                             ^
../src/AxiVDMA.h:19:25: note: in expansion of macro 'DDR_BASEADDR'
 #define VIDEO_BASEADDR1 DDR_BASEADDR + 0x3000000
                         ^~~~~~~~~~~~
../src/AxiVDMA.c:12:39: note: in expansion of macro 'VIDEO_BASEADDR1'
 u32* frambuffer[3] = {VIDEO_BASEADDR0,VIDEO_BASEADDR1,VIDEO_BASEADDR2};
                                       ^~~~~~~~~~~~~~~
../src/AxiVDMA.h:13:29: note: (near initialization for 'frambuffer[1]')
 #define DDR_BASEADDR        0x00000000
                             ^
../src/AxiVDMA.h:19:25: note: in expansion of macro 'DDR_BASEADDR'
 #define VIDEO_BASEADDR1 DDR_BASEADDR + 0x3000000
                         ^~~~~~~~~~~~
../src/AxiVDMA.c:12:39: note: in expansion of macro 'VIDEO_BASEADDR1'
 u32* frambuffer[3] = {VIDEO_BASEADDR0,VIDEO_BASEADDR1,VIDEO_BASEADDR2};
                                       ^~~~~~~~~~~~~~~
../src/AxiVDMA.h:13:29: warning: initialization makes pointer from integer without a cast [-Wint-conversion]
 #define DDR_BASEADDR        0x00000000
                             ^
../src/AxiVDMA.h:20:25: note: in expansion of macro 'DDR_BASEADDR'
 #define VIDEO_BASEADDR2 DDR_BASEADDR + 0x4000000
                         ^~~~~~~~~~~~
../src/AxiVDMA.c:12:55: note: in expansion of macro 'VIDEO_BASEADDR2'
 u32* frambuffer[3] = {VIDEO_BASEADDR0,VIDEO_BASEADDR1,VIDEO_BASEADDR2};
                                                       ^~~~~~~~~~~~~~~
../src/AxiVDMA.h:13:29: note: (near initialization for 'frambuffer[2]')
 #define DDR_BASEADDR        0x00000000
                             ^
../src/AxiVDMA.h:20:25: note: in expansion of macro 'DDR_BASEADDR'
 #define VIDEO_BASEADDR2 DDR_BASEADDR + 0x4000000
                         ^~~~~~~~~~~~
../src/AxiVDMA.c:12:55: note: in expansion of macro 'VIDEO_BASEADDR2'
 u32* frambuffer[3] = {VIDEO_BASEADDR0,VIDEO_BASEADDR1,VIDEO_BASEADDR2};
                                                       ^~~~~~~~~~~~~~~
../src/AxiVDMA.c: In function 'GetVal':
../src/AxiVDMA.c:59:2: warning: implicit declaration of function 'printf' [-Wimplicit-function-declaration]
  printf("0x%x:\t",addr);
  ^~~~~~
../src/AxiVDMA.c:59:2: warning: incompatible implicit declaration of built-in function 'printf'
../src/AxiVDMA.c:59:2: note: include '<stdio.h>' or provide a declaration of 'printf'
../src/AxiVDMA.c:59:13: warning: format '%x' expects argument of type 'unsigned int', but argument 2 has type 'u32 {aka long unsigned int}' [-Wformat=]
  printf("0x%x:\t",addr);
             ^
../src/AxiVDMA.c: In function 'print_framcount':
../src/AxiVDMA.c:72:2: warning: incompatible implicit declaration of built-in function 'printf'
  printf("buffer1£º%d\t",temp&0xff);
  ^~~~~~
../src/AxiVDMA.c:72:2: note: include '<stdio.h>' or provide a declaration of 'printf'
../src/AxiVDMA.c:72:20: warning: format '%d' expects argument of type 'int', but argument 2 has type 'long unsigned int' [-Wformat=]
  printf("buffer1£º%d\t",temp&0xff);
                    ^
../src/AxiVDMA.c:74:20: warning: format '%d' expects argument of type 'int', but argument 2 has type 'long unsigned int' [-Wformat=]
  printf("buffer2£º%d\t",temp&0xff);
                    ^
../src/AxiVDMA.c:76:20: warning: format '%d' expects argument of type 'int', but argument 2 has type 'long unsigned int' [-Wformat=]
  printf("buffer3£º%d\n",temp&0xff);
                    ^
../src/AxiVDMA.c:78:2: warning: implicit declaration of function 'Xil_DCacheFlush' [-Wimplicit-function-declaration]
  Xil_DCacheFlush();
  ^~~~~~~~~~~~~~~
'Finished building: ../src/AxiVDMA.c'
' '
'Building file: ../src/Gic.c'
'Invoking: ARM v7 gcc compiler'
arm-none-eabi-gcc -Wall -O0 -g3 -c -fmessage-length=0 -MT"src/Gic.o" -mcpu=cortex-a9 -mfpu=vfpv3 -mfloat-abi=hard -I../../demo_bsp/ps7_cortexa9_0/include -MMD -MP -MF"src/Gic.d" -MT"src/Gic.o" -o "src/Gic.o" "../src/Gic.c"
'Finished building: ../src/Gic.c'
' '
'Building file: ../src/Gpiops.c'
'Invoking: ARM v7 gcc compiler'
arm-none-eabi-gcc -Wall -O0 -g3 -c -fmessage-length=0 -MT"src/Gpiops.o" -mcpu=cortex-a9 -mfpu=vfpv3 -mfloat-abi=hard -I../../demo_bsp/ps7_cortexa9_0/include -MMD -MP -MF"src/Gpiops.d" -MT"src/Gpiops.o" -o "src/Gpiops.o" "../src/Gpiops.c"
'Finished building: ../src/Gpiops.c'
' '
'Building file: ../src/OvSensor.c'
'Invoking: ARM v7 gcc compiler'
arm-none-eabi-gcc -Wall -O0 -g3 -c -fmessage-length=0 -MT"src/OvSensor.o" -mcpu=cortex-a9 -mfpu=vfpv3 -mfloat-abi=hard -I../../demo_bsp/ps7_cortexa9_0/include -MMD -MP -MF"src/OvSensor.d" -MT"src/OvSensor.o" -o "src/OvSensor.o" "../src/OvSensor.c"
'Finished building: ../src/OvSensor.c'
' '
'Building file: ../src/Timer.c'
'Invoking: ARM v7 gcc compiler'
arm-none-eabi-gcc -Wall -O0 -g3 -c -fmessage-length=0 -MT"src/Timer.o" -mcpu=cortex-a9 -mfpu=vfpv3 -mfloat-abi=hard -I../../demo_bsp/ps7_cortexa9_0/include -MMD -MP -MF"src/Timer.d" -MT"src/Timer.o" -o "src/Timer.o" "../src/Timer.c"
'Finished building: ../src/Timer.c'
' '
'Building file: ../src/main.c'
'Invoking: ARM v7 gcc compiler'
arm-none-eabi-gcc -Wall -O0 -g3 -c -fmessage-length=0 -MT"src/main.o" -mcpu=cortex-a9 -mfpu=vfpv3 -mfloat-abi=hard -I../../demo_bsp/ps7_cortexa9_0/include -MMD -MP -MF"src/main.d" -MT"src/main.o" -o "src/main.o" "../src/main.c"
'Finished building: ../src/main.c'
' '
'Building file: ../src/platform.c'
'Invoking: ARM v7 gcc compiler'
arm-none-eabi-gcc -Wall -O0 -g3 -c -fmessage-length=0 -MT"src/platform.o" -mcpu=cortex-a9 -mfpu=vfpv3 -mfloat-abi=hard -I../../demo_bsp/ps7_cortexa9_0/include -MMD -MP -MF"src/platform.d" -MT"src/platform.o" -o "src/platform.o" "../src/platform.c"
'Finished building: ../src/platform.c'
' '
'Building target: demo.elf'
'Invoking: ARM v7 gcc linker'
arm-none-eabi-gcc -mcpu=cortex-a9 -mfpu=vfpv3 -mfloat-abi=hard -Wl,-build-id=none -specs=Xilinx.spec -Wl,-T -Wl,../src/lscript.ld -L../../demo_bsp/ps7_cortexa9_0/lib -o "demo.elf"  ./src/AxiVDMA.o ./src/Gic.o ./src/Gpiops.o ./src/OvSensor.o ./src/Timer.o ./src/main.o ./src/platform.o   -Wl,--start-group,-lxil,-lgcc,-lc,--end-group
'Finished building target: demo.elf'
' '
'Invoking: ARM v7 Print Size'
arm-none-eabi-size demo.elf  |tee "demo.elf.size"
   text	   data	    bss	    dec	    hex	filename
  92460	   4184	  23408	 120052	  1d4f4	demo.elf
'Finished building: demo.elf.size'
' '
09:13:26 **** Incremental Build of configuration Debug for project demo ****
make pre-build main-build 
a9-linaro-pre-build-step
' '
make: Nothing to be done for `main-build'.
09:13:44 **** Incremental Build of configuration Debug for project demo ****
make pre-build main-build 
a9-linaro-pre-build-step
' '
make: Nothing to be done for `main-build'.
09:25:47 **** Auto Build of configuration Debug for project demo ****
make pre-build main-build 
a9-linaro-pre-build-step
' '
'Building file: ../src/AxiVDMA.c'
'Invoking: ARM v7 gcc compiler'
arm-none-eabi-gcc -Wall -O0 -g3 -c -fmessage-length=0 -MT"src/AxiVDMA.o" -mcpu=cortex-a9 -mfpu=vfpv3 -mfloat-abi=hard -I../../demo_bsp/ps7_cortexa9_0/include -MMD -MP -MF"src/AxiVDMA.d" -MT"src/AxiVDMA.o" -o "src/AxiVDMA.o" "../src/AxiVDMA.c"
In file included from ../src/AxiVDMA.c:8:0:
../src/AxiVDMA.h:13:29: warning: initialization makes pointer from integer without a cast [-Wint-conversion]
 #define DDR_BASEADDR        0x00000000
                             ^
../src/AxiVDMA.h:18:25: note: in expansion of macro 'DDR_BASEADDR'
 #define VIDEO_BASEADDR0 DDR_BASEADDR + 0x2000000
                         ^~~~~~~~~~~~
../src/AxiVDMA.c:12:23: note: in expansion of macro 'VIDEO_BASEADDR0'
 u32* frambuffer[3] = {VIDEO_BASEADDR0,VIDEO_BASEADDR1,VIDEO_BASEADDR2};
                       ^~~~~~~~~~~~~~~
../src/AxiVDMA.h:13:29: note: (near initialization for 'frambuffer[0]')
 #define DDR_BASEADDR        0x00000000
                             ^
../src/AxiVDMA.h:18:25: note: in expansion of macro 'DDR_BASEADDR'
 #define VIDEO_BASEADDR0 DDR_BASEADDR + 0x2000000
                         ^~~~~~~~~~~~
../src/AxiVDMA.c:12:23: note: in expansion of macro 'VIDEO_BASEADDR0'
 u32* frambuffer[3] = {VIDEO_BASEADDR0,VIDEO_BASEADDR1,VIDEO_BASEADDR2};
                       ^~~~~~~~~~~~~~~
../src/AxiVDMA.h:13:29: warning: initialization makes pointer from integer without a cast [-Wint-conversion]
 #define DDR_BASEADDR        0x00000000
                             ^
../src/AxiVDMA.h:19:25: note: in expansion of macro 'DDR_BASEADDR'
 #define VIDEO_BASEADDR1 DDR_BASEADDR + 0x3000000
                         ^~~~~~~~~~~~
../src/AxiVDMA.c:12:39: note: in expansion of macro 'VIDEO_BASEADDR1'
 u32* frambuffer[3] = {VIDEO_BASEADDR0,VIDEO_BASEADDR1,VIDEO_BASEADDR2};
                                       ^~~~~~~~~~~~~~~
../src/AxiVDMA.h:13:29: note: (near initialization for 'frambuffer[1]')
 #define DDR_BASEADDR        0x00000000
                             ^
../src/AxiVDMA.h:19:25: note: in expansion of macro 'DDR_BASEADDR'
 #define VIDEO_BASEADDR1 DDR_BASEADDR + 0x3000000
                         ^~~~~~~~~~~~
../src/AxiVDMA.c:12:39: note: in expansion of macro 'VIDEO_BASEADDR1'
 u32* frambuffer[3] = {VIDEO_BASEADDR0,VIDEO_BASEADDR1,VIDEO_BASEADDR2};
                                       ^~~~~~~~~~~~~~~
../src/AxiVDMA.h:13:29: warning: initialization makes pointer from integer without a cast [-Wint-conversion]
 #define DDR_BASEADDR        0x00000000
                             ^
../src/AxiVDMA.h:20:25: note: in expansion of macro 'DDR_BASEADDR'
 #define VIDEO_BASEADDR2 DDR_BASEADDR + 0x4000000
                         ^~~~~~~~~~~~
../src/AxiVDMA.c:12:55: note: in expansion of macro 'VIDEO_BASEADDR2'
 u32* frambuffer[3] = {VIDEO_BASEADDR0,VIDEO_BASEADDR1,VIDEO_BASEADDR2};
                                                       ^~~~~~~~~~~~~~~
../src/AxiVDMA.h:13:29: note: (near initialization for 'frambuffer[2]')
 #define DDR_BASEADDR        0x00000000
                             ^
../src/AxiVDMA.h:20:25: note: in expansion of macro 'DDR_BASEADDR'
 #define VIDEO_BASEADDR2 DDR_BASEADDR + 0x4000000
                         ^~~~~~~~~~~~
../src/AxiVDMA.c:12:55: note: in expansion of macro 'VIDEO_BASEADDR2'
 u32* frambuffer[3] = {VIDEO_BASEADDR0,VIDEO_BASEADDR1,VIDEO_BASEADDR2};
                                                       ^~~~~~~~~~~~~~~
../src/AxiVDMA.c: In function 'GetVal':
../src/AxiVDMA.c:69:2: warning: implicit declaration of function 'printf' [-Wimplicit-function-declaration]
  printf("0x%x:\t",addr);
  ^~~~~~
../src/AxiVDMA.c:69:2: warning: incompatible implicit declaration of built-in function 'printf'
../src/AxiVDMA.c:69:2: note: include '<stdio.h>' or provide a declaration of 'printf'
../src/AxiVDMA.c:69:13: warning: format '%x' expects argument of type 'unsigned int', but argument 2 has type 'u32 {aka long unsigned int}' [-Wformat=]
  printf("0x%x:\t",addr);
             ^
../src/AxiVDMA.c: In function 'print_framcount':
../src/AxiVDMA.c:82:2: warning: incompatible implicit declaration of built-in function 'printf'
  printf("buffer1£º%d\t",temp&0xff);
  ^~~~~~
../src/AxiVDMA.c:82:2: note: include '<stdio.h>' or provide a declaration of 'printf'
../src/AxiVDMA.c:82:20: warning: format '%d' expects argument of type 'int', but argument 2 has type 'long unsigned int' [-Wformat=]
  printf("buffer1£º%d\t",temp&0xff);
                    ^
../src/AxiVDMA.c:84:20: warning: format '%d' expects argument of type 'int', but argument 2 has type 'long unsigned int' [-Wformat=]
  printf("buffer2£º%d\t",temp&0xff);
                    ^
../src/AxiVDMA.c:86:20: warning: format '%d' expects argument of type 'int', but argument 2 has type 'long unsigned int' [-Wformat=]
  printf("buffer3£º%d\n",temp&0xff);
                    ^
../src/AxiVDMA.c:88:2: warning: implicit declaration of function 'Xil_DCacheFlush' [-Wimplicit-function-declaration]
  Xil_DCacheFlush();
  ^~~~~~~~~~~~~~~
'Finished building: ../src/AxiVDMA.c'
' '
'Building target: demo.elf'
'Invoking: ARM v7 gcc linker'
arm-none-eabi-gcc -mcpu=cortex-a9 -mfpu=vfpv3 -mfloat-abi=hard -Wl,-build-id=none -specs=Xilinx.spec -Wl,-T -Wl,../src/lscript.ld -L../../demo_bsp/ps7_cortexa9_0/lib -o "demo.elf"  ./src/AxiVDMA.o ./src/Gic.o ./src/Gpiops.o ./src/OvSensor.o ./src/Timer.o ./src/main.o ./src/platform.o   -Wl,--start-group,-lxil,-lgcc,-lc,--end-group
'Finished building target: demo.elf'
' '
'Invoking: ARM v7 Print Size'
arm-none-eabi-size demo.elf  |tee "demo.elf.size"
   text	   data	    bss	    dec	    hex	filename
  92588	   4184	  23408	 120180	  1d574	demo.elf
'Finished building: demo.elf.size'
' '
09:29:00 **** Incremental Build of configuration Debug for project demo ****
make pre-build main-build 
a9-linaro-pre-build-step
' '
make: Nothing to be done for `main-build'.
09:29:43 **** Incremental Build of configuration Debug for project demo ****
make pre-build main-build 
a9-linaro-pre-build-step
' '
make: Nothing to be done for `main-build'.
09:30:48 **** Auto Build of configuration Debug for project demo ****
make pre-build main-build 
a9-linaro-pre-build-step
' '
'Building file: ../src/main.c'
'Invoking: ARM v7 gcc compiler'
arm-none-eabi-gcc -Wall -O0 -g3 -c -fmessage-length=0 -MT"src/main.o" -mcpu=cortex-a9 -mfpu=vfpv3 -mfloat-abi=hard -I../../demo_bsp/ps7_cortexa9_0/include -MMD -MP -MF"src/main.d" -MT"src/main.o" -o "src/main.o" "../src/main.c"
'Finished building: ../src/main.c'
' '
'Building target: demo.elf'
'Invoking: ARM v7 gcc linker'
arm-none-eabi-gcc -mcpu=cortex-a9 -mfpu=vfpv3 -mfloat-abi=hard -Wl,-build-id=none -specs=Xilinx.spec -Wl,-T -Wl,../src/lscript.ld -L../../demo_bsp/ps7_cortexa9_0/lib -o "demo.elf"  ./src/AxiVDMA.o ./src/Gic.o ./src/Gpiops.o ./src/OvSensor.o ./src/Timer.o ./src/main.o ./src/platform.o   -Wl,--start-group,-lxil,-lgcc,-lc,--end-group
'Finished building target: demo.elf'
' '
'Invoking: ARM v7 Print Size'
arm-none-eabi-size demo.elf  |tee "demo.elf.size"
   text	   data	    bss	    dec	    hex	filename
  92076	   4184	  23408	 119668	  1d374	demo.elf
'Finished building: demo.elf.size'
' '
09:30:52 **** Incremental Build of configuration Debug for project demo ****
make pre-build main-build 
a9-linaro-pre-build-step
' '
make: Nothing to be done for `main-build'.
09:31:15 **** Auto Build of configuration Debug for project demo ****
make pre-build main-build 
a9-linaro-pre-build-step
' '
'Building file: ../src/main.c'
'Invoking: ARM v7 gcc compiler'
arm-none-eabi-gcc -Wall -O0 -g3 -c -fmessage-length=0 -MT"src/main.o" -mcpu=cortex-a9 -mfpu=vfpv3 -mfloat-abi=hard -I../../demo_bsp/ps7_cortexa9_0/include -MMD -MP -MF"src/main.d" -MT"src/main.o" -o "src/main.o" "../src/main.c"
'Finished building: ../src/main.c'
' '
'Building target: demo.elf'
'Invoking: ARM v7 gcc linker'
arm-none-eabi-gcc -mcpu=cortex-a9 -mfpu=vfpv3 -mfloat-abi=hard -Wl,-build-id=none -specs=Xilinx.spec -Wl,-T -Wl,../src/lscript.ld -L../../demo_bsp/ps7_cortexa9_0/lib -o "demo.elf"  ./src/AxiVDMA.o ./src/Gic.o ./src/Gpiops.o ./src/OvSensor.o ./src/Timer.o ./src/main.o ./src/platform.o   -Wl,--start-group,-lxil,-lgcc,-lc,--end-group
'Finished building target: demo.elf'
' '
'Invoking: ARM v7 Print Size'
arm-none-eabi-size demo.elf  |tee "demo.elf.size"
   text	   data	    bss	    dec	    hex	filename
  92076	   4184	  23408	 119668	  1d374	demo.elf
'Finished building: demo.elf.size'
' '
09:31:18 **** Incremental Build of configuration Debug for project demo ****
make pre-build main-build 
a9-linaro-pre-build-step
' '
make: Nothing to be done for `main-build'.
09:31:28 **** Auto Build of configuration Debug for project demo ****
make pre-build main-build 
a9-linaro-pre-build-step
' '
'Building file: ../src/main.c'
'Invoking: ARM v7 gcc compiler'
arm-none-eabi-gcc -Wall -O0 -g3 -c -fmessage-length=0 -MT"src/main.o" -mcpu=cortex-a9 -mfpu=vfpv3 -mfloat-abi=hard -I../../demo_bsp/ps7_cortexa9_0/include -MMD -MP -MF"src/main.d" -MT"src/main.o" -o "src/main.o" "../src/main.c"
'Finished building: ../src/main.c'
' '
'Building target: demo.elf'
'Invoking: ARM v7 gcc linker'
arm-none-eabi-gcc -mcpu=cortex-a9 -mfpu=vfpv3 -mfloat-abi=hard -Wl,-build-id=none -specs=Xilinx.spec -Wl,-T -Wl,../src/lscript.ld -L../../demo_bsp/ps7_cortexa9_0/lib -o "demo.elf"  ./src/AxiVDMA.o ./src/Gic.o ./src/Gpiops.o ./src/OvSensor.o ./src/Timer.o ./src/main.o ./src/platform.o   -Wl,--start-group,-lxil,-lgcc,-lc,--end-group
'Finished building target: demo.elf'
' '
'Invoking: ARM v7 Print Size'
arm-none-eabi-size demo.elf  |tee "demo.elf.size"
   text	   data	    bss	    dec	    hex	filename
  92076	   4184	  23408	 119668	  1d374	demo.elf
'Finished building: demo.elf.size'
' '
09:31:30 **** Incremental Build of configuration Debug for project demo ****
make pre-build main-build 
a9-linaro-pre-build-step
' '
make: Nothing to be done for `main-build'.
09:31:37 **** Auto Build of configuration Debug for project demo ****
make pre-build main-build 
a9-linaro-pre-build-step
' '
'Building file: ../src/main.c'
'Invoking: ARM v7 gcc compiler'
arm-none-eabi-gcc -Wall -O0 -g3 -c -fmessage-length=0 -MT"src/main.o" -mcpu=cortex-a9 -mfpu=vfpv3 -mfloat-abi=hard -I../../demo_bsp/ps7_cortexa9_0/include -MMD -MP -MF"src/main.d" -MT"src/main.o" -o "src/main.o" "../src/main.c"
'Finished building: ../src/main.c'
' '
'Building target: demo.elf'
'Invoking: ARM v7 gcc linker'
arm-none-eabi-gcc -mcpu=cortex-a9 -mfpu=vfpv3 -mfloat-abi=hard -Wl,-build-id=none -specs=Xilinx.spec -Wl,-T -Wl,../src/lscript.ld -L../../demo_bsp/ps7_cortexa9_0/lib -o "demo.elf"  ./src/AxiVDMA.o ./src/Gic.o ./src/Gpiops.o ./src/OvSensor.o ./src/Timer.o ./src/main.o ./src/platform.o   -Wl,--start-group,-lxil,-lgcc,-lc,--end-group
'Finished building target: demo.elf'
' '
'Invoking: ARM v7 Print Size'
arm-none-eabi-size demo.elf  |tee "demo.elf.size"
   text	   data	    bss	    dec	    hex	filename
  92076	   4184	  23408	 119668	  1d374	demo.elf
'Finished building: demo.elf.size'
' '
09:31:40 **** Incremental Build of configuration Debug for project demo ****
make pre-build main-build 
a9-linaro-pre-build-step
' '
make: Nothing to be done for `main-build'.
09:31:57 **** Auto Build of configuration Debug for project demo ****
make pre-build main-build 
a9-linaro-pre-build-step
' '
'Building file: ../src/main.c'
'Invoking: ARM v7 gcc compiler'
arm-none-eabi-gcc -Wall -O0 -g3 -c -fmessage-length=0 -MT"src/main.o" -mcpu=cortex-a9 -mfpu=vfpv3 -mfloat-abi=hard -I../../demo_bsp/ps7_cortexa9_0/include -MMD -MP -MF"src/main.d" -MT"src/main.o" -o "src/main.o" "../src/main.c"
'Finished building: ../src/main.c'
' '
'Building target: demo.elf'
'Invoking: ARM v7 gcc linker'
arm-none-eabi-gcc -mcpu=cortex-a9 -mfpu=vfpv3 -mfloat-abi=hard -Wl,-build-id=none -specs=Xilinx.spec -Wl,-T -Wl,../src/lscript.ld -L../../demo_bsp/ps7_cortexa9_0/lib -o "demo.elf"  ./src/AxiVDMA.o ./src/Gic.o ./src/Gpiops.o ./src/OvSensor.o ./src/Timer.o ./src/main.o ./src/platform.o   -Wl,--start-group,-lxil,-lgcc,-lc,--end-group
'Finished building target: demo.elf'
' '
'Invoking: ARM v7 Print Size'
arm-none-eabi-size demo.elf  |tee "demo.elf.size"
   text	   data	    bss	    dec	    hex	filename
  92076	   4184	  23408	 119668	  1d374	demo.elf
'Finished building: demo.elf.size'
' '
09:32:00 **** Incremental Build of configuration Debug for project demo ****
make pre-build main-build 
a9-linaro-pre-build-step
' '
make: Nothing to be done for `main-build'.
09:32:43 **** Auto Build of configuration Debug for project demo ****
make pre-build main-build 
a9-linaro-pre-build-step
' '
'Building file: ../src/main.c'
'Invoking: ARM v7 gcc compiler'
arm-none-eabi-gcc -Wall -O0 -g3 -c -fmessage-length=0 -MT"src/main.o" -mcpu=cortex-a9 -mfpu=vfpv3 -mfloat-abi=hard -I../../demo_bsp/ps7_cortexa9_0/include -MMD -MP -MF"src/main.d" -MT"src/main.o" -o "src/main.o" "../src/main.c"
'Finished building: ../src/main.c'
' '
'Building target: demo.elf'
'Invoking: ARM v7 gcc linker'
arm-none-eabi-gcc -mcpu=cortex-a9 -mfpu=vfpv3 -mfloat-abi=hard -Wl,-build-id=none -specs=Xilinx.spec -Wl,-T -Wl,../src/lscript.ld -L../../demo_bsp/ps7_cortexa9_0/lib -o "demo.elf"  ./src/AxiVDMA.o ./src/Gic.o ./src/Gpiops.o ./src/OvSensor.o ./src/Timer.o ./src/main.o ./src/platform.o   -Wl,--start-group,-lxil,-lgcc,-lc,--end-group
'Finished building target: demo.elf'
' '
'Invoking: ARM v7 Print Size'
arm-none-eabi-size demo.elf  |tee "demo.elf.size"
   text	   data	    bss	    dec	    hex	filename
  92076	   4184	  23408	 119668	  1d374	demo.elf
'Finished building: demo.elf.size'
' '
09:32:46 **** Incremental Build of configuration Debug for project demo ****
make pre-build main-build 
a9-linaro-pre-build-step
' '
make: Nothing to be done for `main-build'.
09:32:55 **** Auto Build of configuration Debug for project demo ****
make pre-build main-build 
a9-linaro-pre-build-step
' '
'Building file: ../src/main.c'
'Invoking: ARM v7 gcc compiler'
arm-none-eabi-gcc -Wall -O0 -g3 -c -fmessage-length=0 -MT"src/main.o" -mcpu=cortex-a9 -mfpu=vfpv3 -mfloat-abi=hard -I../../demo_bsp/ps7_cortexa9_0/include -MMD -MP -MF"src/main.d" -MT"src/main.o" -o "src/main.o" "../src/main.c"
'Finished building: ../src/main.c'
' '
'Building target: demo.elf'
'Invoking: ARM v7 gcc linker'
arm-none-eabi-gcc -mcpu=cortex-a9 -mfpu=vfpv3 -mfloat-abi=hard -Wl,-build-id=none -specs=Xilinx.spec -Wl,-T -Wl,../src/lscript.ld -L../../demo_bsp/ps7_cortexa9_0/lib -o "demo.elf"  ./src/AxiVDMA.o ./src/Gic.o ./src/Gpiops.o ./src/OvSensor.o ./src/Timer.o ./src/main.o ./src/platform.o   -Wl,--start-group,-lxil,-lgcc,-lc,--end-group
'Finished building target: demo.elf'
' '
'Invoking: ARM v7 Print Size'
arm-none-eabi-size demo.elf  |tee "demo.elf.size"
   text	   data	    bss	    dec	    hex	filename
  92076	   4184	  23408	 119668	  1d374	demo.elf
'Finished building: demo.elf.size'
' '
09:32:58 **** Incremental Build of configuration Debug for project demo ****
make pre-build main-build 
a9-linaro-pre-build-step
' '
make: Nothing to be done for `main-build'.
09:33:07 **** Auto Build of configuration Debug for project demo ****
make pre-build main-build 
a9-linaro-pre-build-step
' '
'Building file: ../src/main.c'
'Invoking: ARM v7 gcc compiler'
arm-none-eabi-gcc -Wall -O0 -g3 -c -fmessage-length=0 -MT"src/main.o" -mcpu=cortex-a9 -mfpu=vfpv3 -mfloat-abi=hard -I../../demo_bsp/ps7_cortexa9_0/include -MMD -MP -MF"src/main.d" -MT"src/main.o" -o "src/main.o" "../src/main.c"
'Finished building: ../src/main.c'
' '
'Building target: demo.elf'
'Invoking: ARM v7 gcc linker'
arm-none-eabi-gcc -mcpu=cortex-a9 -mfpu=vfpv3 -mfloat-abi=hard -Wl,-build-id=none -specs=Xilinx.spec -Wl,-T -Wl,../src/lscript.ld -L../../demo_bsp/ps7_cortexa9_0/lib -o "demo.elf"  ./src/AxiVDMA.o ./src/Gic.o ./src/Gpiops.o ./src/OvSensor.o ./src/Timer.o ./src/main.o ./src/platform.o   -Wl,--start-group,-lxil,-lgcc,-lc,--end-group
'Finished building target: demo.elf'
' '
'Invoking: ARM v7 Print Size'
arm-none-eabi-size demo.elf  |tee "demo.elf.size"
   text	   data	    bss	    dec	    hex	filename
  92076	   4184	  23408	 119668	  1d374	demo.elf
'Finished building: demo.elf.size'
' '
09:33:10 **** Incremental Build of configuration Debug for project demo ****
make pre-build main-build 
a9-linaro-pre-build-step
' '
make: Nothing to be done for `main-build'.
09:33:27 **** Auto Build of configuration Debug for project demo ****
make pre-build main-build 
a9-linaro-pre-build-step
' '
'Building file: ../src/main.c'
'Invoking: ARM v7 gcc compiler'
arm-none-eabi-gcc -Wall -O0 -g3 -c -fmessage-length=0 -MT"src/main.o" -mcpu=cortex-a9 -mfpu=vfpv3 -mfloat-abi=hard -I../../demo_bsp/ps7_cortexa9_0/include -MMD -MP -MF"src/main.d" -MT"src/main.o" -o "src/main.o" "../src/main.c"
'Finished building: ../src/main.c'
' '
'Building target: demo.elf'
'Invoking: ARM v7 gcc linker'
arm-none-eabi-gcc -mcpu=cortex-a9 -mfpu=vfpv3 -mfloat-abi=hard -Wl,-build-id=none -specs=Xilinx.spec -Wl,-T -Wl,../src/lscript.ld -L../../demo_bsp/ps7_cortexa9_0/lib -o "demo.elf"  ./src/AxiVDMA.o ./src/Gic.o ./src/Gpiops.o ./src/OvSensor.o ./src/Timer.o ./src/main.o ./src/platform.o   -Wl,--start-group,-lxil,-lgcc,-lc,--end-group
'Finished building target: demo.elf'
' '
'Invoking: ARM v7 Print Size'
arm-none-eabi-size demo.elf  |tee "demo.elf.size"
   text	   data	    bss	    dec	    hex	filename
  92076	   4184	  23408	 119668	  1d374	demo.elf
'Finished building: demo.elf.size'
' '
09:33:30 **** Incremental Build of configuration Debug for project demo ****
make pre-build main-build 
a9-linaro-pre-build-step
' '
make: Nothing to be done for `main-build'.
09:33:41 **** Auto Build of configuration Debug for project demo ****
make pre-build main-build 
a9-linaro-pre-build-step
' '
'Building file: ../src/main.c'
'Invoking: ARM v7 gcc compiler'
arm-none-eabi-gcc -Wall -O0 -g3 -c -fmessage-length=0 -MT"src/main.o" -mcpu=cortex-a9 -mfpu=vfpv3 -mfloat-abi=hard -I../../demo_bsp/ps7_cortexa9_0/include -MMD -MP -MF"src/main.d" -MT"src/main.o" -o "src/main.o" "../src/main.c"
'Finished building: ../src/main.c'
' '
'Building target: demo.elf'
'Invoking: ARM v7 gcc linker'
arm-none-eabi-gcc -mcpu=cortex-a9 -mfpu=vfpv3 -mfloat-abi=hard -Wl,-build-id=none -specs=Xilinx.spec -Wl,-T -Wl,../src/lscript.ld -L../../demo_bsp/ps7_cortexa9_0/lib -o "demo.elf"  ./src/AxiVDMA.o ./src/Gic.o ./src/Gpiops.o ./src/OvSensor.o ./src/Timer.o ./src/main.o ./src/platform.o   -Wl,--start-group,-lxil,-lgcc,-lc,--end-group
'Finished building target: demo.elf'
' '
'Invoking: ARM v7 Print Size'
arm-none-eabi-size demo.elf  |tee "demo.elf.size"
   text	   data	    bss	    dec	    hex	filename
  92076	   4184	  23408	 119668	  1d374	demo.elf
'Finished building: demo.elf.size'
' '
09:33:44 **** Incremental Build of configuration Debug for project demo ****
make pre-build main-build 
a9-linaro-pre-build-step
' '
make: Nothing to be done for `main-build'.
09:34:36 **** Auto Build of configuration Debug for project demo ****
make pre-build main-build 
a9-linaro-pre-build-step
' '
'Building file: ../src/AxiVDMA.c'
'Invoking: ARM v7 gcc compiler'
arm-none-eabi-gcc -Wall -O0 -g3 -c -fmessage-length=0 -MT"src/AxiVDMA.o" -mcpu=cortex-a9 -mfpu=vfpv3 -mfloat-abi=hard -I../../demo_bsp/ps7_cortexa9_0/include -MMD -MP -MF"src/AxiVDMA.d" -MT"src/AxiVDMA.o" -o "src/AxiVDMA.o" "../src/AxiVDMA.c"
In file included from ../src/AxiVDMA.c:8:0:
../src/AxiVDMA.h:13:29: warning: initialization makes pointer from integer without a cast [-Wint-conversion]
 #define DDR_BASEADDR        0x00000000
                             ^
../src/AxiVDMA.h:18:25: note: in expansion of macro 'DDR_BASEADDR'
 #define VIDEO_BASEADDR0 DDR_BASEADDR + 0x2000000
                         ^~~~~~~~~~~~
../src/AxiVDMA.c:12:23: note: in expansion of macro 'VIDEO_BASEADDR0'
 u32* frambuffer[3] = {VIDEO_BASEADDR0,VIDEO_BASEADDR1,VIDEO_BASEADDR2};
                       ^~~~~~~~~~~~~~~
../src/AxiVDMA.h:13:29: note: (near initialization for 'frambuffer[0]')
 #define DDR_BASEADDR        0x00000000
                             ^
../src/AxiVDMA.h:18:25: note: in expansion of macro 'DDR_BASEADDR'
 #define VIDEO_BASEADDR0 DDR_BASEADDR + 0x2000000
                         ^~~~~~~~~~~~
../src/AxiVDMA.c:12:23: note: in expansion of macro 'VIDEO_BASEADDR0'
 u32* frambuffer[3] = {VIDEO_BASEADDR0,VIDEO_BASEADDR1,VIDEO_BASEADDR2};
                       ^~~~~~~~~~~~~~~
../src/AxiVDMA.h:13:29: warning: initialization makes pointer from integer without a cast [-Wint-conversion]
 #define DDR_BASEADDR        0x00000000
                             ^
../src/AxiVDMA.h:19:25: note: in expansion of macro 'DDR_BASEADDR'
 #define VIDEO_BASEADDR1 DDR_BASEADDR + 0x3000000
                         ^~~~~~~~~~~~
../src/AxiVDMA.c:12:39: note: in expansion of macro 'VIDEO_BASEADDR1'
 u32* frambuffer[3] = {VIDEO_BASEADDR0,VIDEO_BASEADDR1,VIDEO_BASEADDR2};
                                       ^~~~~~~~~~~~~~~
../src/AxiVDMA.h:13:29: note: (near initialization for 'frambuffer[1]')
 #define DDR_BASEADDR        0x00000000
                             ^
../src/AxiVDMA.h:19:25: note: in expansion of macro 'DDR_BASEADDR'
 #define VIDEO_BASEADDR1 DDR_BASEADDR + 0x3000000
                         ^~~~~~~~~~~~
../src/AxiVDMA.c:12:39: note: in expansion of macro 'VIDEO_BASEADDR1'
 u32* frambuffer[3] = {VIDEO_BASEADDR0,VIDEO_BASEADDR1,VIDEO_BASEADDR2};
                                       ^~~~~~~~~~~~~~~
../src/AxiVDMA.h:13:29: warning: initialization makes pointer from integer without a cast [-Wint-conversion]
 #define DDR_BASEADDR        0x00000000
                             ^
../src/AxiVDMA.h:20:25: note: in expansion of macro 'DDR_BASEADDR'
 #define VIDEO_BASEADDR2 DDR_BASEADDR + 0x4000000
                         ^~~~~~~~~~~~
../src/AxiVDMA.c:12:55: note: in expansion of macro 'VIDEO_BASEADDR2'
 u32* frambuffer[3] = {VIDEO_BASEADDR0,VIDEO_BASEADDR1,VIDEO_BASEADDR2};
                                                       ^~~~~~~~~~~~~~~
../src/AxiVDMA.h:13:29: note: (near initialization for 'frambuffer[2]')
 #define DDR_BASEADDR        0x00000000
                             ^
../src/AxiVDMA.h:20:25: note: in expansion of macro 'DDR_BASEADDR'
 #define VIDEO_BASEADDR2 DDR_BASEADDR + 0x4000000
                         ^~~~~~~~~~~~
../src/AxiVDMA.c:12:55: note: in expansion of macro 'VIDEO_BASEADDR2'
 u32* frambuffer[3] = {VIDEO_BASEADDR0,VIDEO_BASEADDR1,VIDEO_BASEADDR2};
                                                       ^~~~~~~~~~~~~~~
../src/AxiVDMA.c: In function 'GetVal':
../src/AxiVDMA.c:69:2: warning: implicit declaration of function 'printf' [-Wimplicit-function-declaration]
  printf("0x%x:\t",addr);
  ^~~~~~
../src/AxiVDMA.c:69:2: warning: incompatible implicit declaration of built-in function 'printf'
../src/AxiVDMA.c:69:2: note: include '<stdio.h>' or provide a declaration of 'printf'
../src/AxiVDMA.c:69:13: warning: format '%x' expects argument of type 'unsigned int', but argument 2 has type 'u32 {aka long unsigned int}' [-Wformat=]
  printf("0x%x:\t",addr);
             ^
../src/AxiVDMA.c: In function 'print_framcount':
../src/AxiVDMA.c:82:2: warning: incompatible implicit declaration of built-in function 'printf'
  printf("buffer1£º%d\t",temp&0xff);
  ^~~~~~
../src/AxiVDMA.c:82:2: note: include '<stdio.h>' or provide a declaration of 'printf'
../src/AxiVDMA.c:82:20: warning: format '%d' expects argument of type 'int', but argument 2 has type 'long unsigned int' [-Wformat=]
  printf("buffer1£º%d\t",temp&0xff);
                    ^
../src/AxiVDMA.c:84:20: warning: format '%d' expects argument of type 'int', but argument 2 has type 'long unsigned int' [-Wformat=]
  printf("buffer2£º%d\t",temp&0xff);
                    ^
../src/AxiVDMA.c:86:20: warning: format '%d' expects argument of type 'int', but argument 2 has type 'long unsigned int' [-Wformat=]
  printf("buffer3£º%d\n",temp&0xff);
                    ^
../src/AxiVDMA.c:88:2: warning: implicit declaration of function 'Xil_DCacheFlush' [-Wimplicit-function-declaration]
  Xil_DCacheFlush();
  ^~~~~~~~~~~~~~~
'Finished building: ../src/AxiVDMA.c'
' '
'Building target: demo.elf'
'Invoking: ARM v7 gcc linker'
arm-none-eabi-gcc -mcpu=cortex-a9 -mfpu=vfpv3 -mfloat-abi=hard -Wl,-build-id=none -specs=Xilinx.spec -Wl,-T -Wl,../src/lscript.ld -L../../demo_bsp/ps7_cortexa9_0/lib -o "demo.elf"  ./src/AxiVDMA.o ./src/Gic.o ./src/Gpiops.o ./src/OvSensor.o ./src/Timer.o ./src/main.o ./src/platform.o   -Wl,--start-group,-lxil,-lgcc,-lc,--end-group
'Finished building target: demo.elf'
' '
'Invoking: ARM v7 Print Size'
arm-none-eabi-size demo.elf  |tee "demo.elf.size"
   text	   data	    bss	    dec	    hex	filename
  91948	   4184	  23408	 119540	  1d2f4	demo.elf
'Finished building: demo.elf.size'
' '
09:34:39 **** Incremental Build of configuration Debug for project demo ****
make pre-build main-build 
a9-linaro-pre-build-step
' '
make: Nothing to be done for `main-build'.
09:34:55 **** Auto Build of configuration Debug for project demo ****
make pre-build main-build 
a9-linaro-pre-build-step
' '
'Building file: ../src/main.c'
'Invoking: ARM v7 gcc compiler'
arm-none-eabi-gcc -Wall -O0 -g3 -c -fmessage-length=0 -MT"src/main.o" -mcpu=cortex-a9 -mfpu=vfpv3 -mfloat-abi=hard -I../../demo_bsp/ps7_cortexa9_0/include -MMD -MP -MF"src/main.d" -MT"src/main.o" -o "src/main.o" "../src/main.c"
'Finished building: ../src/main.c'
' '
'Building target: demo.elf'
'Invoking: ARM v7 gcc linker'
arm-none-eabi-gcc -mcpu=cortex-a9 -mfpu=vfpv3 -mfloat-abi=hard -Wl,-build-id=none -specs=Xilinx.spec -Wl,-T -Wl,../src/lscript.ld -L../../demo_bsp/ps7_cortexa9_0/lib -o "demo.elf"  ./src/AxiVDMA.o ./src/Gic.o ./src/Gpiops.o ./src/OvSensor.o ./src/Timer.o ./src/main.o ./src/platform.o   -Wl,--start-group,-lxil,-lgcc,-lc,--end-group
'Finished building target: demo.elf'
' '
'Invoking: ARM v7 Print Size'
arm-none-eabi-size demo.elf  |tee "demo.elf.size"
   text	   data	    bss	    dec	    hex	filename
  91948	   4184	  23408	 119540	  1d2f4	demo.elf
'Finished building: demo.elf.size'
' '
09:34:58 **** Incremental Build of configuration Debug for project demo ****
make pre-build main-build 
a9-linaro-pre-build-step
' '
make: Nothing to be done for `main-build'.
09:35:55 **** Auto Build of configuration Debug for project demo ****
make pre-build main-build 
a9-linaro-pre-build-step
' '
'Building file: ../src/AxiVDMA.c'
'Invoking: ARM v7 gcc compiler'
arm-none-eabi-gcc -Wall -O0 -g3 -c -fmessage-length=0 -MT"src/AxiVDMA.o" -mcpu=cortex-a9 -mfpu=vfpv3 -mfloat-abi=hard -I../../demo_bsp/ps7_cortexa9_0/include -MMD -MP -MF"src/AxiVDMA.d" -MT"src/AxiVDMA.o" -o "src/AxiVDMA.o" "../src/AxiVDMA.c"
In file included from ../src/AxiVDMA.c:8:0:
../src/AxiVDMA.h:13:29: warning: initialization makes pointer from integer without a cast [-Wint-conversion]
 #define DDR_BASEADDR        0x00000000
                             ^
../src/AxiVDMA.h:18:25: note: in expansion of macro 'DDR_BASEADDR'
 #define VIDEO_BASEADDR0 DDR_BASEADDR + 0x2000000
                         ^~~~~~~~~~~~
../src/AxiVDMA.c:12:23: note: in expansion of macro 'VIDEO_BASEADDR0'
 u32* frambuffer[3] = {VIDEO_BASEADDR0,VIDEO_BASEADDR1,VIDEO_BASEADDR2};
                       ^~~~~~~~~~~~~~~
../src/AxiVDMA.h:13:29: note: (near initialization for 'frambuffer[0]')
 #define DDR_BASEADDR        0x00000000
                             ^
../src/AxiVDMA.h:18:25: note: in expansion of macro 'DDR_BASEADDR'
 #define VIDEO_BASEADDR0 DDR_BASEADDR + 0x2000000
                         ^~~~~~~~~~~~
../src/AxiVDMA.c:12:23: note: in expansion of macro 'VIDEO_BASEADDR0'
 u32* frambuffer[3] = {VIDEO_BASEADDR0,VIDEO_BASEADDR1,VIDEO_BASEADDR2};
                       ^~~~~~~~~~~~~~~
../src/AxiVDMA.h:13:29: warning: initialization makes pointer from integer without a cast [-Wint-conversion]
 #define DDR_BASEADDR        0x00000000
                             ^
../src/AxiVDMA.h:19:25: note: in expansion of macro 'DDR_BASEADDR'
 #define VIDEO_BASEADDR1 DDR_BASEADDR + 0x3000000
                         ^~~~~~~~~~~~
../src/AxiVDMA.c:12:39: note: in expansion of macro 'VIDEO_BASEADDR1'
 u32* frambuffer[3] = {VIDEO_BASEADDR0,VIDEO_BASEADDR1,VIDEO_BASEADDR2};
                                       ^~~~~~~~~~~~~~~
../src/AxiVDMA.h:13:29: note: (near initialization for 'frambuffer[1]')
 #define DDR_BASEADDR        0x00000000
                             ^
../src/AxiVDMA.h:19:25: note: in expansion of macro 'DDR_BASEADDR'
 #define VIDEO_BASEADDR1 DDR_BASEADDR + 0x3000000
                         ^~~~~~~~~~~~
../src/AxiVDMA.c:12:39: note: in expansion of macro 'VIDEO_BASEADDR1'
 u32* frambuffer[3] = {VIDEO_BASEADDR0,VIDEO_BASEADDR1,VIDEO_BASEADDR2};
                                       ^~~~~~~~~~~~~~~
../src/AxiVDMA.h:13:29: warning: initialization makes pointer from integer without a cast [-Wint-conversion]
 #define DDR_BASEADDR        0x00000000
                             ^
../src/AxiVDMA.h:20:25: note: in expansion of macro 'DDR_BASEADDR'
 #define VIDEO_BASEADDR2 DDR_BASEADDR + 0x4000000
                         ^~~~~~~~~~~~
../src/AxiVDMA.c:12:55: note: in expansion of macro 'VIDEO_BASEADDR2'
 u32* frambuffer[3] = {VIDEO_BASEADDR0,VIDEO_BASEADDR1,VIDEO_BASEADDR2};
                                                       ^~~~~~~~~~~~~~~
../src/AxiVDMA.h:13:29: note: (near initialization for 'frambuffer[2]')
 #define DDR_BASEADDR        0x00000000
                             ^
../src/AxiVDMA.h:20:25: note: in expansion of macro 'DDR_BASEADDR'
 #define VIDEO_BASEADDR2 DDR_BASEADDR + 0x4000000
                         ^~~~~~~~~~~~
../src/AxiVDMA.c:12:55: note: in expansion of macro 'VIDEO_BASEADDR2'
 u32* frambuffer[3] = {VIDEO_BASEADDR0,VIDEO_BASEADDR1,VIDEO_BASEADDR2};
                                                       ^~~~~~~~~~~~~~~
../src/AxiVDMA.c: In function 'GetVal':
../src/AxiVDMA.c:69:2: warning: implicit declaration of function 'printf' [-Wimplicit-function-declaration]
  printf("0x%x:\t",addr);
  ^~~~~~
../src/AxiVDMA.c:69:2: warning: incompatible implicit declaration of built-in function 'printf'
../src/AxiVDMA.c:69:2: note: include '<stdio.h>' or provide a declaration of 'printf'
../src/AxiVDMA.c:69:13: warning: format '%x' expects argument of type 'unsigned int', but argument 2 has type 'u32 {aka long unsigned int}' [-Wformat=]
  printf("0x%x:\t",addr);
             ^
../src/AxiVDMA.c: In function 'print_framcount':
../src/AxiVDMA.c:82:2: warning: incompatible implicit declaration of built-in function 'printf'
  printf("buffer1£º%d\t",temp&0xff);
  ^~~~~~
../src/AxiVDMA.c:82:2: note: include '<stdio.h>' or provide a declaration of 'printf'
../src/AxiVDMA.c:82:20: warning: format '%d' expects argument of type 'int', but argument 2 has type 'long unsigned int' [-Wformat=]
  printf("buffer1£º%d\t",temp&0xff);
                    ^
../src/AxiVDMA.c:84:20: warning: format '%d' expects argument of type 'int', but argument 2 has type 'long unsigned int' [-Wformat=]
  printf("buffer2£º%d\t",temp&0xff);
                    ^
../src/AxiVDMA.c:86:20: warning: format '%d' expects argument of type 'int', but argument 2 has type 'long unsigned int' [-Wformat=]
  printf("buffer3£º%d\n",temp&0xff);
                    ^
../src/AxiVDMA.c:88:2: warning: implicit declaration of function 'Xil_DCacheFlush' [-Wimplicit-function-declaration]
  Xil_DCacheFlush();
  ^~~~~~~~~~~~~~~
'Finished building: ../src/AxiVDMA.c'
' '
'Building target: demo.elf'
'Invoking: ARM v7 gcc linker'
arm-none-eabi-gcc -mcpu=cortex-a9 -mfpu=vfpv3 -mfloat-abi=hard -Wl,-build-id=none -specs=Xilinx.spec -Wl,-T -Wl,../src/lscript.ld -L../../demo_bsp/ps7_cortexa9_0/lib -o "demo.elf"  ./src/AxiVDMA.o ./src/Gic.o ./src/Gpiops.o ./src/OvSensor.o ./src/Timer.o ./src/main.o ./src/platform.o   -Wl,--start-group,-lxil,-lgcc,-lc,--end-group
'Finished building target: demo.elf'
' '
'Invoking: ARM v7 Print Size'
arm-none-eabi-size demo.elf  |tee "demo.elf.size"
   text	   data	    bss	    dec	    hex	filename
  92076	   4184	  23408	 119668	  1d374	demo.elf
'Finished building: demo.elf.size'
' '
09:35:57 **** Incremental Build of configuration Debug for project demo ****
make pre-build main-build 
a9-linaro-pre-build-step
' '
make: Nothing to be done for `main-build'.
09:36:09 **** Auto Build of configuration Debug for project demo ****
make pre-build main-build 
a9-linaro-pre-build-step
' '
'Building file: ../src/AxiVDMA.c'
'Invoking: ARM v7 gcc compiler'
arm-none-eabi-gcc -Wall -O0 -g3 -c -fmessage-length=0 -MT"src/AxiVDMA.o" -mcpu=cortex-a9 -mfpu=vfpv3 -mfloat-abi=hard -I../../demo_bsp/ps7_cortexa9_0/include -MMD -MP -MF"src/AxiVDMA.d" -MT"src/AxiVDMA.o" -o "src/AxiVDMA.o" "../src/AxiVDMA.c"
In file included from ../src/AxiVDMA.c:8:0:
../src/AxiVDMA.h:13:29: warning: initialization makes pointer from integer without a cast [-Wint-conversion]
 #define DDR_BASEADDR        0x00000000
                             ^
../src/AxiVDMA.h:18:25: note: in expansion of macro 'DDR_BASEADDR'
 #define VIDEO_BASEADDR0 DDR_BASEADDR + 0x2000000
                         ^~~~~~~~~~~~
../src/AxiVDMA.c:12:23: note: in expansion of macro 'VIDEO_BASEADDR0'
 u32* frambuffer[3] = {VIDEO_BASEADDR0,VIDEO_BASEADDR1,VIDEO_BASEADDR2};
                       ^~~~~~~~~~~~~~~
../src/AxiVDMA.h:13:29: note: (near initialization for 'frambuffer[0]')
 #define DDR_BASEADDR        0x00000000
                             ^
../src/AxiVDMA.h:18:25: note: in expansion of macro 'DDR_BASEADDR'
 #define VIDEO_BASEADDR0 DDR_BASEADDR + 0x2000000
                         ^~~~~~~~~~~~
../src/AxiVDMA.c:12:23: note: in expansion of macro 'VIDEO_BASEADDR0'
 u32* frambuffer[3] = {VIDEO_BASEADDR0,VIDEO_BASEADDR1,VIDEO_BASEADDR2};
                       ^~~~~~~~~~~~~~~
../src/AxiVDMA.h:13:29: warning: initialization makes pointer from integer without a cast [-Wint-conversion]
 #define DDR_BASEADDR        0x00000000
                             ^
../src/AxiVDMA.h:19:25: note: in expansion of macro 'DDR_BASEADDR'
 #define VIDEO_BASEADDR1 DDR_BASEADDR + 0x3000000
                         ^~~~~~~~~~~~
../src/AxiVDMA.c:12:39: note: in expansion of macro 'VIDEO_BASEADDR1'
 u32* frambuffer[3] = {VIDEO_BASEADDR0,VIDEO_BASEADDR1,VIDEO_BASEADDR2};
                                       ^~~~~~~~~~~~~~~
../src/AxiVDMA.h:13:29: note: (near initialization for 'frambuffer[1]')
 #define DDR_BASEADDR        0x00000000
                             ^
../src/AxiVDMA.h:19:25: note: in expansion of macro 'DDR_BASEADDR'
 #define VIDEO_BASEADDR1 DDR_BASEADDR + 0x3000000
                         ^~~~~~~~~~~~
../src/AxiVDMA.c:12:39: note: in expansion of macro 'VIDEO_BASEADDR1'
 u32* frambuffer[3] = {VIDEO_BASEADDR0,VIDEO_BASEADDR1,VIDEO_BASEADDR2};
                                       ^~~~~~~~~~~~~~~
../src/AxiVDMA.h:13:29: warning: initialization makes pointer from integer without a cast [-Wint-conversion]
 #define DDR_BASEADDR        0x00000000
                             ^
../src/AxiVDMA.h:20:25: note: in expansion of macro 'DDR_BASEADDR'
 #define VIDEO_BASEADDR2 DDR_BASEADDR + 0x4000000
                         ^~~~~~~~~~~~
../src/AxiVDMA.c:12:55: note: in expansion of macro 'VIDEO_BASEADDR2'
 u32* frambuffer[3] = {VIDEO_BASEADDR0,VIDEO_BASEADDR1,VIDEO_BASEADDR2};
                                                       ^~~~~~~~~~~~~~~
../src/AxiVDMA.h:13:29: note: (near initialization for 'frambuffer[2]')
 #define DDR_BASEADDR        0x00000000
                             ^
../src/AxiVDMA.h:20:25: note: in expansion of macro 'DDR_BASEADDR'
 #define VIDEO_BASEADDR2 DDR_BASEADDR + 0x4000000
                         ^~~~~~~~~~~~
../src/AxiVDMA.c:12:55: note: in expansion of macro 'VIDEO_BASEADDR2'
 u32* frambuffer[3] = {VIDEO_BASEADDR0,VIDEO_BASEADDR1,VIDEO_BASEADDR2};
                                                       ^~~~~~~~~~~~~~~
../src/AxiVDMA.c: In function 'GetVal':
../src/AxiVDMA.c:69:2: warning: implicit declaration of function 'printf' [-Wimplicit-function-declaration]
  printf("0x%x:\t",addr);
  ^~~~~~
../src/AxiVDMA.c:69:2: warning: incompatible implicit declaration of built-in function 'printf'
../src/AxiVDMA.c:69:2: note: include '<stdio.h>' or provide a declaration of 'printf'
../src/AxiVDMA.c:69:13: warning: format '%x' expects argument of type 'unsigned int', but argument 2 has type 'u32 {aka long unsigned int}' [-Wformat=]
  printf("0x%x:\t",addr);
             ^
../src/AxiVDMA.c: In function 'print_framcount':
../src/AxiVDMA.c:82:2: warning: incompatible implicit declaration of built-in function 'printf'
  printf("buffer1£º%d\t",temp&0xff);
  ^~~~~~
../src/AxiVDMA.c:82:2: note: include '<stdio.h>' or provide a declaration of 'printf'
../src/AxiVDMA.c:82:20: warning: format '%d' expects argument of type 'int', but argument 2 has type 'long unsigned int' [-Wformat=]
  printf("buffer1£º%d\t",temp&0xff);
                    ^
../src/AxiVDMA.c:84:20: warning: format '%d' expects argument of type 'int', but argument 2 has type 'long unsigned int' [-Wformat=]
  printf("buffer2£º%d\t",temp&0xff);
                    ^
../src/AxiVDMA.c:86:20: warning: format '%d' expects argument of type 'int', but argument 2 has type 'long unsigned int' [-Wformat=]
  printf("buffer3£º%d\n",temp&0xff);
                    ^
../src/AxiVDMA.c:88:2: warning: implicit declaration of function 'Xil_DCacheFlush' [-Wimplicit-function-declaration]
  Xil_DCacheFlush();
  ^~~~~~~~~~~~~~~
'Finished building: ../src/AxiVDMA.c'
' '
'Building target: demo.elf'
'Invoking: ARM v7 gcc linker'
arm-none-eabi-gcc -mcpu=cortex-a9 -mfpu=vfpv3 -mfloat-abi=hard -Wl,-build-id=none -specs=Xilinx.spec -Wl,-T -Wl,../src/lscript.ld -L../../demo_bsp/ps7_cortexa9_0/lib -o "demo.elf"  ./src/AxiVDMA.o ./src/Gic.o ./src/Gpiops.o ./src/OvSensor.o ./src/Timer.o ./src/main.o ./src/platform.o   -Wl,--start-group,-lxil,-lgcc,-lc,--end-group
'Finished building target: demo.elf'
' '
'Invoking: ARM v7 Print Size'
arm-none-eabi-size demo.elf  |tee "demo.elf.size"
   text	   data	    bss	    dec	    hex	filename
  91948	   4184	  23408	 119540	  1d2f4	demo.elf
'Finished building: demo.elf.size'
' '
09:36:16 **** Incremental Build of configuration Debug for project demo ****
make pre-build main-build 
a9-linaro-pre-build-step
' '
make: Nothing to be done for `main-build'.
09:39:06 **** Auto Build of configuration Debug for project demo ****
make pre-build main-build 
a9-linaro-pre-build-step
' '
'Building file: ../src/AxiVDMA.c'
'Invoking: ARM v7 gcc compiler'
arm-none-eabi-gcc -Wall -O0 -g3 -c -fmessage-length=0 -MT"src/AxiVDMA.o" -mcpu=cortex-a9 -mfpu=vfpv3 -mfloat-abi=hard -I../../demo_bsp/ps7_cortexa9_0/include -MMD -MP -MF"src/AxiVDMA.d" -MT"src/AxiVDMA.o" -o "src/AxiVDMA.o" "../src/AxiVDMA.c"
In file included from ../src/AxiVDMA.c:8:0:
../src/AxiVDMA.h:13:29: warning: initialization makes pointer from integer without a cast [-Wint-conversion]
 #define DDR_BASEADDR        0x00000000
                             ^
../src/AxiVDMA.h:18:25: note: in expansion of macro 'DDR_BASEADDR'
 #define VIDEO_BASEADDR0 DDR_BASEADDR + 0x2000000
                         ^~~~~~~~~~~~
../src/AxiVDMA.c:12:23: note: in expansion of macro 'VIDEO_BASEADDR0'
 u32* frambuffer[3] = {VIDEO_BASEADDR0,VIDEO_BASEADDR1,VIDEO_BASEADDR2};
                       ^~~~~~~~~~~~~~~
../src/AxiVDMA.h:13:29: note: (near initialization for 'frambuffer[0]')
 #define DDR_BASEADDR        0x00000000
                             ^
../src/AxiVDMA.h:18:25: note: in expansion of macro 'DDR_BASEADDR'
 #define VIDEO_BASEADDR0 DDR_BASEADDR + 0x2000000
                         ^~~~~~~~~~~~
../src/AxiVDMA.c:12:23: note: in expansion of macro 'VIDEO_BASEADDR0'
 u32* frambuffer[3] = {VIDEO_BASEADDR0,VIDEO_BASEADDR1,VIDEO_BASEADDR2};
                       ^~~~~~~~~~~~~~~
../src/AxiVDMA.h:13:29: warning: initialization makes pointer from integer without a cast [-Wint-conversion]
 #define DDR_BASEADDR        0x00000000
                             ^
../src/AxiVDMA.h:19:25: note: in expansion of macro 'DDR_BASEADDR'
 #define VIDEO_BASEADDR1 DDR_BASEADDR + 0x3000000
                         ^~~~~~~~~~~~
../src/AxiVDMA.c:12:39: note: in expansion of macro 'VIDEO_BASEADDR1'
 u32* frambuffer[3] = {VIDEO_BASEADDR0,VIDEO_BASEADDR1,VIDEO_BASEADDR2};
                                       ^~~~~~~~~~~~~~~
../src/AxiVDMA.h:13:29: note: (near initialization for 'frambuffer[1]')
 #define DDR_BASEADDR        0x00000000
                             ^
../src/AxiVDMA.h:19:25: note: in expansion of macro 'DDR_BASEADDR'
 #define VIDEO_BASEADDR1 DDR_BASEADDR + 0x3000000
                         ^~~~~~~~~~~~
../src/AxiVDMA.c:12:39: note: in expansion of macro 'VIDEO_BASEADDR1'
 u32* frambuffer[3] = {VIDEO_BASEADDR0,VIDEO_BASEADDR1,VIDEO_BASEADDR2};
                                       ^~~~~~~~~~~~~~~
../src/AxiVDMA.h:13:29: warning: initialization makes pointer from integer without a cast [-Wint-conversion]
 #define DDR_BASEADDR        0x00000000
                             ^
../src/AxiVDMA.h:20:25: note: in expansion of macro 'DDR_BASEADDR'
 #define VIDEO_BASEADDR2 DDR_BASEADDR + 0x4000000
                         ^~~~~~~~~~~~
../src/AxiVDMA.c:12:55: note: in expansion of macro 'VIDEO_BASEADDR2'
 u32* frambuffer[3] = {VIDEO_BASEADDR0,VIDEO_BASEADDR1,VIDEO_BASEADDR2};
                                                       ^~~~~~~~~~~~~~~
../src/AxiVDMA.h:13:29: note: (near initialization for 'frambuffer[2]')
 #define DDR_BASEADDR        0x00000000
                             ^
../src/AxiVDMA.h:20:25: note: in expansion of macro 'DDR_BASEADDR'
 #define VIDEO_BASEADDR2 DDR_BASEADDR + 0x4000000
                         ^~~~~~~~~~~~
../src/AxiVDMA.c:12:55: note: in expansion of macro 'VIDEO_BASEADDR2'
 u32* frambuffer[3] = {VIDEO_BASEADDR0,VIDEO_BASEADDR1,VIDEO_BASEADDR2};
                                                       ^~~~~~~~~~~~~~~
../src/AxiVDMA.c: In function 'GetVal':
../src/AxiVDMA.c:69:2: warning: implicit declaration of function 'printf' [-Wimplicit-function-declaration]
  printf("0x%x:\t",addr);
  ^~~~~~
../src/AxiVDMA.c:69:2: warning: incompatible implicit declaration of built-in function 'printf'
../src/AxiVDMA.c:69:2: note: include '<stdio.h>' or provide a declaration of 'printf'
../src/AxiVDMA.c:69:13: warning: format '%x' expects argument of type 'unsigned int', but argument 2 has type 'u32 {aka long unsigned int}' [-Wformat=]
  printf("0x%x:\t",addr);
             ^
../src/AxiVDMA.c: In function 'print_framcount':
../src/AxiVDMA.c:82:2: warning: incompatible implicit declaration of built-in function 'printf'
  printf("buffer1£º%d\t",temp&0xff);
  ^~~~~~
../src/AxiVDMA.c:82:2: note: include '<stdio.h>' or provide a declaration of 'printf'
../src/AxiVDMA.c:82:20: warning: format '%d' expects argument of type 'int', but argument 2 has type 'long unsigned int' [-Wformat=]
  printf("buffer1£º%d\t",temp&0xff);
                    ^
../src/AxiVDMA.c:84:20: warning: format '%d' expects argument of type 'int', but argument 2 has type 'long unsigned int' [-Wformat=]
  printf("buffer2£º%d\t",temp&0xff);
                    ^
../src/AxiVDMA.c:86:20: warning: format '%d' expects argument of type 'int', but argument 2 has type 'long unsigned int' [-Wformat=]
  printf("buffer3£º%d\n",temp&0xff);
                    ^
../src/AxiVDMA.c:88:2: warning: implicit declaration of function 'Xil_DCacheFlush' [-Wimplicit-function-declaration]
  Xil_DCacheFlush();
  ^~~~~~~~~~~~~~~
'Finished building: ../src/AxiVDMA.c'
' '
'Building target: demo.elf'
'Invoking: ARM v7 gcc linker'
arm-none-eabi-gcc -mcpu=cortex-a9 -mfpu=vfpv3 -mfloat-abi=hard -Wl,-build-id=none -specs=Xilinx.spec -Wl,-T -Wl,../src/lscript.ld -L../../demo_bsp/ps7_cortexa9_0/lib -o "demo.elf"  ./src/AxiVDMA.o ./src/Gic.o ./src/Gpiops.o ./src/OvSensor.o ./src/Timer.o ./src/main.o ./src/platform.o   -Wl,--start-group,-lxil,-lgcc,-lc,--end-group
'Finished building target: demo.elf'
' '
'Invoking: ARM v7 Print Size'
arm-none-eabi-size demo.elf  |tee "demo.elf.size"
   text	   data	    bss	    dec	    hex	filename
  92140	   4184	  23408	 119732	  1d3b4	demo.elf
'Finished building: demo.elf.size'
' '
09:39:10 **** Incremental Build of configuration Debug for project demo ****
make pre-build main-build 
a9-linaro-pre-build-step
' '
make: Nothing to be done for `main-build'.
10:06:55 **** Auto Build of project demo_bsp ****
make -k all 
"Running Make include in ps7_cortexa9_0/libsrc/axivdma_v6_3/src"
make -C ps7_cortexa9_0/libsrc/axivdma_v6_3/src -s include  "SHELL=CMD" "COMPILER=arm-none-eabi-gcc" "ARCHIVER=arm-none-eabi-ar" "COMPILER_FLAGS=  -O2 -c" "EXTRA_COMPILER_FLAGS=-mcpu=cortex-a9 -mfpu=vfpv3 -mfloat-abi=hard -nostartfiles -Wall -Wextra"
"Running Make include in ps7_cortexa9_0/libsrc/coresightps_dcc_v1_4/src"
make -C ps7_cortexa9_0/libsrc/coresightps_dcc_v1_4/src -s include  "SHELL=CMD" "COMPILER=arm-none-eabi-gcc" "ARCHIVER=arm-none-eabi-ar" "COMPILER_FLAGS=  -O2 -c" "EXTRA_COMPILER_FLAGS=-mcpu=cortex-a9 -mfpu=vfpv3 -mfloat-abi=hard -nostartfiles -Wall -Wextra"
"Running Make include in ps7_cortexa9_0/libsrc/cpu_cortexa9_v2_4/src"
make -C ps7_cortexa9_0/libsrc/cpu_cortexa9_v2_4/src -s include  "SHELL=CMD" "COMPILER=arm-none-eabi-gcc" "ARCHIVER=arm-none-eabi-ar" "COMPILER_FLAGS=  -O2 -c" "EXTRA_COMPILER_FLAGS=-mcpu=cortex-a9 -mfpu=vfpv3 -mfloat-abi=hard -nostartfiles -Wall -Wextra"
"Running Make include in ps7_cortexa9_0/libsrc/ddrps_v1_0/src"
make -C ps7_cortexa9_0/libsrc/ddrps_v1_0/src -s include  "SHELL=CMD" "COMPILER=arm-none-eabi-gcc" "ARCHIVER=arm-none-eabi-ar" "COMPILER_FLAGS=  -O2 -c" "EXTRA_COMPILER_FLAGS=-mcpu=cortex-a9 -mfpu=vfpv3 -mfloat-abi=hard -nostartfiles -Wall -Wextra"
"Running Make include in ps7_cortexa9_0/libsrc/devcfg_v3_4/src"
make -C ps7_cortexa9_0/libsrc/devcfg_v3_4/src -s include  "SHELL=CMD" "COMPILER=arm-none-eabi-gcc" "ARCHIVER=arm-none-eabi-ar" "COMPILER_FLAGS=  -O2 -c" "EXTRA_COMPILER_FLAGS=-mcpu=cortex-a9 -mfpu=vfpv3 -mfloat-abi=hard -nostartfiles -Wall -Wextra"
"Running Make include in ps7_cortexa9_0/libsrc/dmaps_v2_3/src"
make -C ps7_cortexa9_0/libsrc/dmaps_v2_3/src -s include  "SHELL=CMD" "COMPILER=arm-none-eabi-gcc" "ARCHIVER=arm-none-eabi-ar" "COMPILER_FLAGS=  -O2 -c" "EXTRA_COMPILER_FLAGS=-mcpu=cortex-a9 -mfpu=vfpv3 -mfloat-abi=hard -nostartfiles -Wall -Wextra"
"Running Make include in ps7_cortexa9_0/libsrc/gpio_v4_3/src"
make -C ps7_cortexa9_0/libsrc/gpio_v4_3/src -s include  "SHELL=CMD" "COMPILER=arm-none-eabi-gcc" "ARCHIVER=arm-none-eabi-ar" "COMPILER_FLAGS=  -O2 -c" "EXTRA_COMPILER_FLAGS=-mcpu=cortex-a9 -mfpu=vfpv3 -mfloat-abi=hard -nostartfiles -Wall -Wextra"
"Running Make include in ps7_cortexa9_0/libsrc/gpiops_v3_3/src"
make -C ps7_cortexa9_0/libsrc/gpiops_v3_3/src -s include  "SHELL=CMD" "COMPILER=arm-none-eabi-gcc" "ARCHIVER=arm-none-eabi-ar" "COMPILER_FLAGS=  -O2 -c" "EXTRA_COMPILER_FLAGS=-mcpu=cortex-a9 -mfpu=vfpv3 -mfloat-abi=hard -nostartfiles -Wall -Wextra"
"Running Make include in ps7_cortexa9_0/libsrc/scugic_v3_7/src"
make -C ps7_cortexa9_0/libsrc/scugic_v3_7/src -s include  "SHELL=CMD" "COMPILER=arm-none-eabi-gcc" "ARCHIVER=arm-none-eabi-ar" "COMPILER_FLAGS=  -O2 -c" "EXTRA_COMPILER_FLAGS=-mcpu=cortex-a9 -mfpu=vfpv3 -mfloat-abi=hard -nostartfiles -Wall -Wextra"
"Running Make include in ps7_cortexa9_0/libsrc/scutimer_v2_1/src"
make -C ps7_cortexa9_0/libsrc/scutimer_v2_1/src -s include  "SHELL=CMD" "COMPILER=arm-none-eabi-gcc" "ARCHIVER=arm-none-eabi-ar" "COMPILER_FLAGS=  -O2 -c" "EXTRA_COMPILER_FLAGS=-mcpu=cortex-a9 -mfpu=vfpv3 -mfloat-abi=hard -nostartfiles -Wall -Wextra"
"Running Make include in ps7_cortexa9_0/libsrc/scuwdt_v2_1/src"
make -C ps7_cortexa9_0/libsrc/scuwdt_v2_1/src -s include  "SHELL=CMD" "COMPILER=arm-none-eabi-gcc" "ARCHIVER=arm-none-eabi-ar" "COMPILER_FLAGS=  -O2 -c" "EXTRA_COMPILER_FLAGS=-mcpu=cortex-a9 -mfpu=vfpv3 -mfloat-abi=hard -nostartfiles -Wall -Wextra"
"Running Make include in ps7_cortexa9_0/libsrc/standalone_v6_3/src"
make -C ps7_cortexa9_0/libsrc/standalone_v6_3/src -s include  "SHELL=CMD" "COMPILER=arm-none-eabi-gcc" "ARCHIVER=arm-none-eabi-ar" "COMPILER_FLAGS=  -O2 -c" "EXTRA_COMPILER_FLAGS=-mcpu=cortex-a9 -mfpu=vfpv3 -mfloat-abi=hard -nostartfiles -Wall -Wextra"
"Running Make include in ps7_cortexa9_0/libsrc/uartps_v3_4/src"
make -C ps7_cortexa9_0/libsrc/uartps_v3_4/src -s include  "SHELL=CMD" "COMPILER=arm-none-eabi-gcc" "ARCHIVER=arm-none-eabi-ar" "COMPILER_FLAGS=  -O2 -c" "EXTRA_COMPILER_FLAGS=-mcpu=cortex-a9 -mfpu=vfpv3 -mfloat-abi=hard -nostartfiles -Wall -Wextra"
"Running Make include in ps7_cortexa9_0/libsrc/xadcps_v2_2/src"
make -C ps7_cortexa9_0/libsrc/xadcps_v2_2/src -s include  "SHELL=CMD" "COMPILER=arm-none-eabi-gcc" "ARCHIVER=arm-none-eabi-ar" "COMPILER_FLAGS=  -O2 -c" "EXTRA_COMPILER_FLAGS=-mcpu=cortex-a9 -mfpu=vfpv3 -mfloat-abi=hard -nostartfiles -Wall -Wextra"
"Running Make libs in ps7_cortexa9_0/libsrc/axivdma_v6_3/src"
make -C ps7_cortexa9_0/libsrc/axivdma_v6_3/src -s libs  "SHELL=CMD" "COMPILER=arm-none-eabi-gcc" "ARCHIVER=arm-none-eabi-ar" "COMPILER_FLAGS=  -O2 -c" "EXTRA_COMPILER_FLAGS=-mcpu=cortex-a9 -mfpu=vfpv3 -mfloat-abi=hard -nostartfiles -Wall -Wextra"
"Compiling axivdma"
arm-none-eabi-ar: creating ../../../lib/libxil.a
"Running Make libs in ps7_cortexa9_0/libsrc/coresightps_dcc_v1_4/src"
make -C ps7_cortexa9_0/libsrc/coresightps_dcc_v1_4/src -s libs  "SHELL=CMD" "COMPILER=arm-none-eabi-gcc" "ARCHIVER=arm-none-eabi-ar" "COMPILER_FLAGS=  -O2 -c" "EXTRA_COMPILER_FLAGS=-mcpu=cortex-a9 -mfpu=vfpv3 -mfloat-abi=hard -nostartfiles -Wall -Wextra"
"Compiling coresightps_dcc"
"Running Make libs in ps7_cortexa9_0/libsrc/cpu_cortexa9_v2_4/src"
make -C ps7_cortexa9_0/libsrc/cpu_cortexa9_v2_4/src -s libs  "SHELL=CMD" "COMPILER=arm-none-eabi-gcc" "ARCHIVER=arm-none-eabi-ar" "COMPILER_FLAGS=  -O2 -c" "EXTRA_COMPILER_FLAGS=-mcpu=cortex-a9 -mfpu=vfpv3 -mfloat-abi=hard -nostartfiles -Wall -Wextra"
"Compiling cpu_cortexa9"
"Running Make libs in ps7_cortexa9_0/libsrc/ddrps_v1_0/src"
make -C ps7_cortexa9_0/libsrc/ddrps_v1_0/src -s libs  "SHELL=CMD" "COMPILER=arm-none-eabi-gcc" "ARCHIVER=arm-none-eabi-ar" "COMPILER_FLAGS=  -O2 -c" "EXTRA_COMPILER_FLAGS=-mcpu=cortex-a9 -mfpu=vfpv3 -mfloat-abi=hard -nostartfiles -Wall -Wextra"
"Compiling ddrps"
"Running Make libs in ps7_cortexa9_0/libsrc/devcfg_v3_4/src"
make -C ps7_cortexa9_0/libsrc/devcfg_v3_4/src -s libs  "SHELL=CMD" "COMPILER=arm-none-eabi-gcc" "ARCHIVER=arm-none-eabi-ar" "COMPILER_FLAGS=  -O2 -c" "EXTRA_COMPILER_FLAGS=-mcpu=cortex-a9 -mfpu=vfpv3 -mfloat-abi=hard -nostartfiles -Wall -Wextra"
"Compiling devcfg"
"Running Make libs in ps7_cortexa9_0/libsrc/dmaps_v2_3/src"
make -C ps7_cortexa9_0/libsrc/dmaps_v2_3/src -s libs  "SHELL=CMD" "COMPILER=arm-none-eabi-gcc" "ARCHIVER=arm-none-eabi-ar" "COMPILER_FLAGS=  -O2 -c" "EXTRA_COMPILER_FLAGS=-mcpu=cortex-a9 -mfpu=vfpv3 -mfloat-abi=hard -nostartfiles -Wall -Wextra"
"Compiling dmaps"
[...]
../src/AxiVDMA.h:13:29: note: (near initialization for 'frambuffer[1]')
 #define DDR_BASEADDR        0x00000000
                             ^
../src/AxiVDMA.h:19:25: note: in expansion of macro 'DDR_BASEADDR'
 #define VIDEO_BASEADDR1 DDR_BASEADDR + 0x3000000
                         ^~~~~~~~~~~~
../src/AxiVDMA.c:12:39: note: in expansion of macro 'VIDEO_BASEADDR1'
 u32* frambuffer[3] = {VIDEO_BASEADDR0,VIDEO_BASEADDR1,VIDEO_BASEADDR2};
                                       ^~~~~~~~~~~~~~~
../src/AxiVDMA.h:13:29: warning: initialization makes pointer from integer without a cast [-Wint-conversion]
 #define DDR_BASEADDR        0x00000000
                             ^
../src/AxiVDMA.h:20:25: note: in expansion of macro 'DDR_BASEADDR'
 #define VIDEO_BASEADDR2 DDR_BASEADDR + 0x4000000
                         ^~~~~~~~~~~~
../src/AxiVDMA.c:12:55: note: in expansion of macro 'VIDEO_BASEADDR2'
 u32* frambuffer[3] = {VIDEO_BASEADDR0,VIDEO_BASEADDR1,VIDEO_BASEADDR2};
                                                       ^~~~~~~~~~~~~~~
../src/AxiVDMA.h:13:29: note: (near initialization for 'frambuffer[2]')
 #define DDR_BASEADDR        0x00000000
                             ^
../src/AxiVDMA.h:20:25: note: in expansion of macro 'DDR_BASEADDR'
 #define VIDEO_BASEADDR2 DDR_BASEADDR + 0x4000000
                         ^~~~~~~~~~~~
../src/AxiVDMA.c:12:55: note: in expansion of macro 'VIDEO_BASEADDR2'
 u32* frambuffer[3] = {VIDEO_BASEADDR0,VIDEO_BASEADDR1,VIDEO_BASEADDR2};
                                                       ^~~~~~~~~~~~~~~
../src/AxiVDMA.c: In function 'GetVal':
../src/AxiVDMA.c:60:2: warning: implicit declaration of function 'printf' [-Wimplicit-function-declaration]
  printf("0x%x:\t",addr);
  ^~~~~~
../src/AxiVDMA.c:60:2: warning: incompatible implicit declaration of built-in function 'printf'
../src/AxiVDMA.c:60:2: note: include '<stdio.h>' or provide a declaration of 'printf'
../src/AxiVDMA.c:60:13: warning: format '%x' expects argument of type 'unsigned int', but argument 2 has type 'u32 {aka long unsigned int}' [-Wformat=]
  printf("0x%x:\t",addr);
             ^
../src/AxiVDMA.c: In function 'print_framcount':
../src/AxiVDMA.c:73:2: warning: incompatible implicit declaration of built-in function 'printf'
  printf("buffer1£º%d\t",temp&0xff);
  ^~~~~~
../src/AxiVDMA.c:73:2: note: include '<stdio.h>' or provide a declaration of 'printf'
../src/AxiVDMA.c:73:20: warning: format '%d' expects argument of type 'int', but argument 2 has type 'long unsigned int' [-Wformat=]
  printf("buffer1£º%d\t",temp&0xff);
                    ^
../src/AxiVDMA.c:75:20: warning: format '%d' expects argument of type 'int', but argument 2 has type 'long unsigned int' [-Wformat=]
  printf("buffer2£º%d\t",temp&0xff);
                    ^
../src/AxiVDMA.c:77:20: warning: format '%d' expects argument of type 'int', but argument 2 has type 'long unsigned int' [-Wformat=]
  printf("buffer3£º%d\n",temp&0xff);
                    ^
../src/AxiVDMA.c:79:2: warning: implicit declaration of function 'Xil_DCacheFlush' [-Wimplicit-function-declaration]
  Xil_DCacheFlush();
  ^~~~~~~~~~~~~~~
'Finished building: ../src/AxiVDMA.c'
' '
'Building target: demo.elf'
'Invoking: ARM v7 gcc linker'
arm-none-eabi-gcc -mcpu=cortex-a9 -mfpu=vfpv3 -mfloat-abi=hard -Wl,-build-id=none -specs=Xilinx.spec -Wl,-T -Wl,../src/lscript.ld -L../../demo_bsp/ps7_cortexa9_0/lib -o "demo.elf"  ./src/AxiVDMA.o ./src/Gic.o ./src/Gpiops.o ./src/OvSensor.o ./src/Timer.o ./src/main.o ./src/platform.o   -Wl,--start-group,-lxil,-lgcc,-lc,--end-group
'Finished building target: demo.elf'
' '
'Invoking: ARM v7 Print Size'
arm-none-eabi-size demo.elf  |tee "demo.elf.size"
   text	   data	    bss	    dec	    hex	filename
  91884	   4184	  23408	 119476	  1d2b4	demo.elf
'Finished building: demo.elf.size'
' '
12:33:05 **** Incremental Build of configuration Debug for project demo ****
make pre-build main-build 
a9-linaro-pre-build-step
' '
make: Nothing to be done for `main-build'.
12:33:24 **** Auto Build of configuration Debug for project demo ****
make pre-build main-build 
a9-linaro-pre-build-step
' '
'Building file: ../src/AxiVDMA.c'
'Invoking: ARM v7 gcc compiler'
arm-none-eabi-gcc -Wall -O0 -g3 -c -fmessage-length=0 -MT"src/AxiVDMA.o" -mcpu=cortex-a9 -mfpu=vfpv3 -mfloat-abi=hard -I../../demo_bsp/ps7_cortexa9_0/include -MMD -MP -MF"src/AxiVDMA.d" -MT"src/AxiVDMA.o" -o "src/AxiVDMA.o" "../src/AxiVDMA.c"
In file included from ../src/AxiVDMA.c:8:0:
../src/AxiVDMA.h:13:29: warning: initialization makes pointer from integer without a cast [-Wint-conversion]
 #define DDR_BASEADDR        0x00000000
                             ^
../src/AxiVDMA.h:18:25: note: in expansion of macro 'DDR_BASEADDR'
 #define VIDEO_BASEADDR0 DDR_BASEADDR + 0x2000000
                         ^~~~~~~~~~~~
../src/AxiVDMA.c:12:23: note: in expansion of macro 'VIDEO_BASEADDR0'
 u32* frambuffer[3] = {VIDEO_BASEADDR0,VIDEO_BASEADDR1,VIDEO_BASEADDR2};
                       ^~~~~~~~~~~~~~~
../src/AxiVDMA.h:13:29: note: (near initialization for 'frambuffer[0]')
 #define DDR_BASEADDR        0x00000000
                             ^
../src/AxiVDMA.h:18:25: note: in expansion of macro 'DDR_BASEADDR'
 #define VIDEO_BASEADDR0 DDR_BASEADDR + 0x2000000
                         ^~~~~~~~~~~~
../src/AxiVDMA.c:12:23: note: in expansion of macro 'VIDEO_BASEADDR0'
 u32* frambuffer[3] = {VIDEO_BASEADDR0,VIDEO_BASEADDR1,VIDEO_BASEADDR2};
                       ^~~~~~~~~~~~~~~
../src/AxiVDMA.h:13:29: warning: initialization makes pointer from integer without a cast [-Wint-conversion]
 #define DDR_BASEADDR        0x00000000
                             ^
../src/AxiVDMA.h:19:25: note: in expansion of macro 'DDR_BASEADDR'
 #define VIDEO_BASEADDR1 DDR_BASEADDR + 0x3000000
                         ^~~~~~~~~~~~
../src/AxiVDMA.c:12:39: note: in expansion of macro 'VIDEO_BASEADDR1'
 u32* frambuffer[3] = {VIDEO_BASEADDR0,VIDEO_BASEADDR1,VIDEO_BASEADDR2};
                                       ^~~~~~~~~~~~~~~
../src/AxiVDMA.h:13:29: note: (near initialization for 'frambuffer[1]')
 #define DDR_BASEADDR        0x00000000
                             ^
../src/AxiVDMA.h:19:25: note: in expansion of macro 'DDR_BASEADDR'
 #define VIDEO_BASEADDR1 DDR_BASEADDR + 0x3000000
                         ^~~~~~~~~~~~
../src/AxiVDMA.c:12:39: note: in expansion of macro 'VIDEO_BASEADDR1'
 u32* frambuffer[3] = {VIDEO_BASEADDR0,VIDEO_BASEADDR1,VIDEO_BASEADDR2};
                                       ^~~~~~~~~~~~~~~
../src/AxiVDMA.h:13:29: warning: initialization makes pointer from integer without a cast [-Wint-conversion]
 #define DDR_BASEADDR        0x00000000
                             ^
../src/AxiVDMA.h:20:25: note: in expansion of macro 'DDR_BASEADDR'
 #define VIDEO_BASEADDR2 DDR_BASEADDR + 0x4000000
                         ^~~~~~~~~~~~
../src/AxiVDMA.c:12:55: note: in expansion of macro 'VIDEO_BASEADDR2'
 u32* frambuffer[3] = {VIDEO_BASEADDR0,VIDEO_BASEADDR1,VIDEO_BASEADDR2};
                                                       ^~~~~~~~~~~~~~~
../src/AxiVDMA.h:13:29: note: (near initialization for 'frambuffer[2]')
 #define DDR_BASEADDR        0x00000000
                             ^
../src/AxiVDMA.h:20:25: note: in expansion of macro 'DDR_BASEADDR'
 #define VIDEO_BASEADDR2 DDR_BASEADDR + 0x4000000
                         ^~~~~~~~~~~~
../src/AxiVDMA.c:12:55: note: in expansion of macro 'VIDEO_BASEADDR2'
 u32* frambuffer[3] = {VIDEO_BASEADDR0,VIDEO_BASEADDR1,VIDEO_BASEADDR2};
                                                       ^~~~~~~~~~~~~~~
../src/AxiVDMA.c: In function 'GetVal':
../src/AxiVDMA.c:60:2: warning: implicit declaration of function 'printf' [-Wimplicit-function-declaration]
  printf("0x%x:\t",addr);
  ^~~~~~
../src/AxiVDMA.c:60:2: warning: incompatible implicit declaration of built-in function 'printf'
../src/AxiVDMA.c:60:2: note: include '<stdio.h>' or provide a declaration of 'printf'
../src/AxiVDMA.c:60:13: warning: format '%x' expects argument of type 'unsigned int', but argument 2 has type 'u32 {aka long unsigned int}' [-Wformat=]
  printf("0x%x:\t",addr);
             ^
../src/AxiVDMA.c: In function 'print_framcount':
../src/AxiVDMA.c:73:2: warning: incompatible implicit declaration of built-in function 'printf'
  printf("buffer1£º%d\t",temp&0xff);
  ^~~~~~
../src/AxiVDMA.c:73:2: note: include '<stdio.h>' or provide a declaration of 'printf'
../src/AxiVDMA.c:73:20: warning: format '%d' expects argument of type 'int', but argument 2 has type 'long unsigned int' [-Wformat=]
  printf("buffer1£º%d\t",temp&0xff);
                    ^
../src/AxiVDMA.c:75:20: warning: format '%d' expects argument of type 'int', but argument 2 has type 'long unsigned int' [-Wformat=]
  printf("buffer2£º%d\t",temp&0xff);
                    ^
../src/AxiVDMA.c:77:20: warning: format '%d' expects argument of type 'int', but argument 2 has type 'long unsigned int' [-Wformat=]
  printf("buffer3£º%d\n",temp&0xff);
                    ^
../src/AxiVDMA.c:79:2: warning: implicit declaration of function 'Xil_DCacheFlush' [-Wimplicit-function-declaration]
  Xil_DCacheFlush();
  ^~~~~~~~~~~~~~~
'Finished building: ../src/AxiVDMA.c'
' '
'Building target: demo.elf'
'Invoking: ARM v7 gcc linker'
arm-none-eabi-gcc -mcpu=cortex-a9 -mfpu=vfpv3 -mfloat-abi=hard -Wl,-build-id=none -specs=Xilinx.spec -Wl,-T -Wl,../src/lscript.ld -L../../demo_bsp/ps7_cortexa9_0/lib -o "demo.elf"  ./src/AxiVDMA.o ./src/Gic.o ./src/Gpiops.o ./src/OvSensor.o ./src/Timer.o ./src/main.o ./src/platform.o   -Wl,--start-group,-lxil,-lgcc,-lc,--end-group
'Finished building target: demo.elf'
' '
'Invoking: ARM v7 Print Size'
arm-none-eabi-size demo.elf  |tee "demo.elf.size"
   text	   data	    bss	    dec	    hex	filename
  91884	   4184	  23408	 119476	  1d2b4	demo.elf
'Finished building: demo.elf.size'
' '
12:33:26 **** Incremental Build of configuration Debug for project demo ****
make pre-build main-build 
a9-linaro-pre-build-step
' '
make: Nothing to be done for `main-build'.
12:33:46 **** Auto Build of configuration Debug for project demo ****
make pre-build main-build 
a9-linaro-pre-build-step
' '
'Building file: ../src/AxiVDMA.c'
'Invoking: ARM v7 gcc compiler'
arm-none-eabi-gcc -Wall -O0 -g3 -c -fmessage-length=0 -MT"src/AxiVDMA.o" -mcpu=cortex-a9 -mfpu=vfpv3 -mfloat-abi=hard -I../../demo_bsp/ps7_cortexa9_0/include -MMD -MP -MF"src/AxiVDMA.d" -MT"src/AxiVDMA.o" -o "src/AxiVDMA.o" "../src/AxiVDMA.c"
In file included from ../src/AxiVDMA.c:8:0:
../src/AxiVDMA.h:13:29: warning: initialization makes pointer from integer without a cast [-Wint-conversion]
 #define DDR_BASEADDR        0x00000000
                             ^
../src/AxiVDMA.h:18:25: note: in expansion of macro 'DDR_BASEADDR'
 #define VIDEO_BASEADDR0 DDR_BASEADDR + 0x2000000
                         ^~~~~~~~~~~~
../src/AxiVDMA.c:12:23: note: in expansion of macro 'VIDEO_BASEADDR0'
 u32* frambuffer[3] = {VIDEO_BASEADDR0,VIDEO_BASEADDR1,VIDEO_BASEADDR2};
                       ^~~~~~~~~~~~~~~
../src/AxiVDMA.h:13:29: note: (near initialization for 'frambuffer[0]')
 #define DDR_BASEADDR        0x00000000
                             ^
../src/AxiVDMA.h:18:25: note: in expansion of macro 'DDR_BASEADDR'
 #define VIDEO_BASEADDR0 DDR_BASEADDR + 0x2000000
                         ^~~~~~~~~~~~
../src/AxiVDMA.c:12:23: note: in expansion of macro 'VIDEO_BASEADDR0'
 u32* frambuffer[3] = {VIDEO_BASEADDR0,VIDEO_BASEADDR1,VIDEO_BASEADDR2};
                       ^~~~~~~~~~~~~~~
../src/AxiVDMA.h:13:29: warning: initialization makes pointer from integer without a cast [-Wint-conversion]
 #define DDR_BASEADDR        0x00000000
                             ^
../src/AxiVDMA.h:19:25: note: in expansion of macro 'DDR_BASEADDR'
 #define VIDEO_BASEADDR1 DDR_BASEADDR + 0x3000000
                         ^~~~~~~~~~~~
../src/AxiVDMA.c:12:39: note: in expansion of macro 'VIDEO_BASEADDR1'
 u32* frambuffer[3] = {VIDEO_BASEADDR0,VIDEO_BASEADDR1,VIDEO_BASEADDR2};
                                       ^~~~~~~~~~~~~~~
../src/AxiVDMA.h:13:29: note: (near initialization for 'frambuffer[1]')
 #define DDR_BASEADDR        0x00000000
                             ^
../src/AxiVDMA.h:19:25: note: in expansion of macro 'DDR_BASEADDR'
 #define VIDEO_BASEADDR1 DDR_BASEADDR + 0x3000000
                         ^~~~~~~~~~~~
../src/AxiVDMA.c:12:39: note: in expansion of macro 'VIDEO_BASEADDR1'
 u32* frambuffer[3] = {VIDEO_BASEADDR0,VIDEO_BASEADDR1,VIDEO_BASEADDR2};
                                       ^~~~~~~~~~~~~~~
../src/AxiVDMA.h:13:29: warning: initialization makes pointer from integer without a cast [-Wint-conversion]
 #define DDR_BASEADDR        0x00000000
                             ^
../src/AxiVDMA.h:20:25: note: in expansion of macro 'DDR_BASEADDR'
 #define VIDEO_BASEADDR2 DDR_BASEADDR + 0x4000000
                         ^~~~~~~~~~~~
../src/AxiVDMA.c:12:55: note: in expansion of macro 'VIDEO_BASEADDR2'
 u32* frambuffer[3] = {VIDEO_BASEADDR0,VIDEO_BASEADDR1,VIDEO_BASEADDR2};
                                                       ^~~~~~~~~~~~~~~
../src/AxiVDMA.h:13:29: note: (near initialization for 'frambuffer[2]')
 #define DDR_BASEADDR        0x00000000
                             ^
../src/AxiVDMA.h:20:25: note: in expansion of macro 'DDR_BASEADDR'
 #define VIDEO_BASEADDR2 DDR_BASEADDR + 0x4000000
                         ^~~~~~~~~~~~
../src/AxiVDMA.c:12:55: note: in expansion of macro 'VIDEO_BASEADDR2'
 u32* frambuffer[3] = {VIDEO_BASEADDR0,VIDEO_BASEADDR1,VIDEO_BASEADDR2};
                                                       ^~~~~~~~~~~~~~~
../src/AxiVDMA.c: In function 'GetVal':
../src/AxiVDMA.c:60:2: warning: implicit declaration of function 'printf' [-Wimplicit-function-declaration]
  printf("0x%x:\t",addr);
  ^~~~~~
../src/AxiVDMA.c:60:2: warning: incompatible implicit declaration of built-in function 'printf'
../src/AxiVDMA.c:60:2: note: include '<stdio.h>' or provide a declaration of 'printf'
../src/AxiVDMA.c:60:13: warning: format '%x' expects argument of type 'unsigned int', but argument 2 has type 'u32 {aka long unsigned int}' [-Wformat=]
  printf("0x%x:\t",addr);
             ^
../src/AxiVDMA.c: In function 'print_framcount':
../src/AxiVDMA.c:73:2: warning: incompatible implicit declaration of built-in function 'printf'
  printf("buffer1£º%d\t",temp&0xff);
  ^~~~~~
../src/AxiVDMA.c:73:2: note: include '<stdio.h>' or provide a declaration of 'printf'
../src/AxiVDMA.c:73:20: warning: format '%d' expects argument of type 'int', but argument 2 has type 'long unsigned int' [-Wformat=]
  printf("buffer1£º%d\t",temp&0xff);
                    ^
../src/AxiVDMA.c:75:20: warning: format '%d' expects argument of type 'int', but argument 2 has type 'long unsigned int' [-Wformat=]
  printf("buffer2£º%d\t",temp&0xff);
                    ^
../src/AxiVDMA.c:77:20: warning: format '%d' expects argument of type 'int', but argument 2 has type 'long unsigned int' [-Wformat=]
  printf("buffer3£º%d\n",temp&0xff);
                    ^
../src/AxiVDMA.c:79:2: warning: implicit declaration of function 'Xil_DCacheFlush' [-Wimplicit-function-declaration]
  Xil_DCacheFlush();
  ^~~~~~~~~~~~~~~
'Finished building: ../src/AxiVDMA.c'
' '
'Building target: demo.elf'
'Invoking: ARM v7 gcc linker'
arm-none-eabi-gcc -mcpu=cortex-a9 -mfpu=vfpv3 -mfloat-abi=hard -Wl,-build-id=none -specs=Xilinx.spec -Wl,-T -Wl,../src/lscript.ld -L../../demo_bsp/ps7_cortexa9_0/lib -o "demo.elf"  ./src/AxiVDMA.o ./src/Gic.o ./src/Gpiops.o ./src/OvSensor.o ./src/Timer.o ./src/main.o ./src/platform.o   -Wl,--start-group,-lxil,-lgcc,-lc,--end-group
'Finished building target: demo.elf'
' '
'Invoking: ARM v7 Print Size'
arm-none-eabi-size demo.elf  |tee "demo.elf.size"
   text	   data	    bss	    dec	    hex	filename
  91884	   4184	  23408	 119476	  1d2b4	demo.elf
'Finished building: demo.elf.size'
' '
12:33:49 **** Incremental Build of configuration Debug for project demo ****
make pre-build main-build 
a9-linaro-pre-build-step
' '
make: Nothing to be done for `main-build'.
12:34:02 **** Incremental Build of configuration Debug for project demo ****
make pre-build main-build 
a9-linaro-pre-build-step
' '
make: Nothing to be done for `main-build'.
12:47:44 **** Incremental Build of configuration Debug for project demo ****
make pre-build main-build 
a9-linaro-pre-build-step
' '
make: Nothing to be done for `main-build'.
12:48:06 **** Auto Build of configuration Debug for project demo ****
make pre-build main-build 
a9-linaro-pre-build-step
' '
'Building file: ../src/main.c'
'Invoking: ARM v7 gcc compiler'
arm-none-eabi-gcc -Wall -O0 -g3 -c -fmessage-length=0 -MT"src/main.o" -mcpu=cortex-a9 -mfpu=vfpv3 -mfloat-abi=hard -I../../demo_bsp/ps7_cortexa9_0/include -MMD -MP -MF"src/main.d" -MT"src/main.o" -o "src/main.o" "../src/main.c"
'Finished building: ../src/main.c'
' '
'Building target: demo.elf'
'Invoking: ARM v7 gcc linker'
arm-none-eabi-gcc -mcpu=cortex-a9 -mfpu=vfpv3 -mfloat-abi=hard -Wl,-build-id=none -specs=Xilinx.spec -Wl,-T -Wl,../src/lscript.ld -L../../demo_bsp/ps7_cortexa9_0/lib -o "demo.elf"  ./src/AxiVDMA.o ./src/Gic.o ./src/Gpiops.o ./src/OvSensor.o ./src/Timer.o ./src/main.o ./src/platform.o   -Wl,--start-group,-lxil,-lgcc,-lc,--end-group
'Finished building target: demo.elf'
' '
'Invoking: ARM v7 Print Size'
arm-none-eabi-size demo.elf  |tee "demo.elf.size"
   text	   data	    bss	    dec	    hex	filename
  91884	   4184	  23408	 119476	  1d2b4	demo.elf
'Finished building: demo.elf.size'
' '
12:48:09 **** Incremental Build of configuration Debug for project demo ****
make pre-build main-build 
a9-linaro-pre-build-step
' '
make: Nothing to be done for `main-build'.
13:01:08 **** Incremental Build of configuration Debug for project demo ****
make pre-build main-build 
a9-linaro-pre-build-step
' '
make: Nothing to be done for `main-build'.
13:01:25 **** Incremental Build of configuration Debug for project demo ****
make pre-build main-build 
a9-linaro-pre-build-step
' '
make: Nothing to be done for `main-build'.
13:02:01 **** Incremental Build of configuration Debug for project demo ****
make pre-build main-build 
a9-linaro-pre-build-step
' '
make: Nothing to be done for `main-build'.
13:10:44 **** Incremental Build of configuration Debug for project demo ****
make pre-build main-build 
a9-linaro-pre-build-step
' '
make: Nothing to be done for `main-build'.
16:38:06 **** Auto Build of configuration Debug for project demo ****
make pre-build main-build 
a9-linaro-pre-build-step
' '
'Building file: ../src/main.c'
'Invoking: ARM v7 gcc compiler'
arm-none-eabi-gcc -Wall -O0 -g3 -c -fmessage-length=0 -MT"src/main.o" -mcpu=cortex-a9 -mfpu=vfpv3 -mfloat-abi=hard -I../../demo_bsp/ps7_cortexa9_0/include -MMD -MP -MF"src/main.d" -MT"src/main.o" -o "src/main.o" "../src/main.c"
../src/main.c: In function 'main':
../src/main.c:19:2: warning: implicit declaration of function 'Xil_DCacheDisable' [-Wimplicit-function-declaration]
  Xil_DCacheDisable();
  ^~~~~~~~~~~~~~~~~
'Finished building: ../src/main.c'
' '
'Building target: demo.elf'
'Invoking: ARM v7 gcc linker'
arm-none-eabi-gcc -mcpu=cortex-a9 -mfpu=vfpv3 -mfloat-abi=hard -Wl,-build-id=none -specs=Xilinx.spec -Wl,-T -Wl,../src/lscript.ld -L../../demo_bsp/ps7_cortexa9_0/lib -o "demo.elf"  ./src/AxiVDMA.o ./src/Gic.o ./src/Gpiops.o ./src/OvSensor.o ./src/Timer.o ./src/main.o ./src/platform.o   -Wl,--start-group,-lxil,-lgcc,-lc,--end-group
'Finished building target: demo.elf'
' '
'Invoking: ARM v7 Print Size'
arm-none-eabi-size demo.elf  |tee "demo.elf.size"
   text	   data	    bss	    dec	    hex	filename
  91884	   4184	  23408	 119476	  1d2b4	demo.elf
'Finished building: demo.elf.size'
' '
16:38:28 **** Incremental Build of configuration Debug for project demo ****
make pre-build main-build 
a9-linaro-pre-build-step
' '
make: Nothing to be done for `main-build'.
16:38:43 **** Incremental Build of configuration Debug for project demo ****
make pre-build main-build 
a9-linaro-pre-build-step
' '
make: Nothing to be done for `main-build'.
